Archive member included to satisfy reference by file (symbol)

C:/Users/Adm/.pico-sdk/toolchain/13_3_Rel1/bin/../lib/gcc/arm-none-eabi/13.3.1/thumb/v6-m/nofp\libgcc.a(_dvmd_tls.o)
                              CMakeFiles/button.dir/C_/Users/Adm/.pico-sdk/sdk/1.5.1/src/rp2_common/pico_divider/divider.S.obj (__aeabi_idiv0)
C:/Users/Adm/.pico-sdk/toolchain/13_3_Rel1/bin/../lib/gcc/arm-none-eabi/13.3.1/thumb/v6-m/nofp\libg.a(libc_a-calloc.o)
                              CMakeFiles/button.dir/C_/Users/Adm/.pico-sdk/sdk/1.5.1/src/rp2_common/pico_malloc/pico_malloc.c.obj (calloc)
C:/Users/Adm/.pico-sdk/toolchain/13_3_Rel1/bin/../lib/gcc/arm-none-eabi/13.3.1/thumb/v6-m/nofp\libg.a(libc_a-callocr.o)
                              C:/Users/Adm/.pico-sdk/toolchain/13_3_Rel1/bin/../lib/gcc/arm-none-eabi/13.3.1/thumb/v6-m/nofp\libg.a(libc_a-calloc.o) (_calloc_r)
C:/Users/Adm/.pico-sdk/toolchain/13_3_Rel1/bin/../lib/gcc/arm-none-eabi/13.3.1/thumb/v6-m/nofp\libg.a(libc_a-itoa.o)
                              CMakeFiles/button.dir/button.c.obj (itoa)
C:/Users/Adm/.pico-sdk/toolchain/13_3_Rel1/bin/../lib/gcc/arm-none-eabi/13.3.1/thumb/v6-m/nofp\libg.a(libc_a-malloc.o)
                              CMakeFiles/button.dir/C_/Users/Adm/.pico-sdk/sdk/1.5.1/src/rp2_common/pico_malloc/pico_malloc.c.obj (malloc)
C:/Users/Adm/.pico-sdk/toolchain/13_3_Rel1/bin/../lib/gcc/arm-none-eabi/13.3.1/thumb/v6-m/nofp\libg.a(libc_a-mallocr.o)
                              C:/Users/Adm/.pico-sdk/toolchain/13_3_Rel1/bin/../lib/gcc/arm-none-eabi/13.3.1/thumb/v6-m/nofp\libg.a(libc_a-callocr.o) (_malloc_r)
C:/Users/Adm/.pico-sdk/toolchain/13_3_Rel1/bin/../lib/gcc/arm-none-eabi/13.3.1/thumb/v6-m/nofp\libg.a(libc_a-mlock.o)
                              C:/Users/Adm/.pico-sdk/toolchain/13_3_Rel1/bin/../lib/gcc/arm-none-eabi/13.3.1/thumb/v6-m/nofp\libg.a(libc_a-mallocr.o) (__malloc_lock)
C:/Users/Adm/.pico-sdk/toolchain/13_3_Rel1/bin/../lib/gcc/arm-none-eabi/13.3.1/thumb/v6-m/nofp\libg.a(libc_a-realloc.o)
                              CMakeFiles/button.dir/C_/Users/Adm/.pico-sdk/sdk/1.5.1/src/rp2_common/pico_malloc/pico_malloc.c.obj (realloc)
C:/Users/Adm/.pico-sdk/toolchain/13_3_Rel1/bin/../lib/gcc/arm-none-eabi/13.3.1/thumb/v6-m/nofp\libg.a(libc_a-reallocr.o)
                              C:/Users/Adm/.pico-sdk/toolchain/13_3_Rel1/bin/../lib/gcc/arm-none-eabi/13.3.1/thumb/v6-m/nofp\libg.a(libc_a-realloc.o) (_realloc_r)
C:/Users/Adm/.pico-sdk/toolchain/13_3_Rel1/bin/../lib/gcc/arm-none-eabi/13.3.1/thumb/v6-m/nofp\libg.a(libc_a-utoa.o)
                              C:/Users/Adm/.pico-sdk/toolchain/13_3_Rel1/bin/../lib/gcc/arm-none-eabi/13.3.1/thumb/v6-m/nofp\libg.a(libc_a-itoa.o) (__utoa)
C:/Users/Adm/.pico-sdk/toolchain/13_3_Rel1/bin/../lib/gcc/arm-none-eabi/13.3.1/thumb/v6-m/nofp\libg.a(libc_a-ctype_.o)
                              CMakeFiles/button.dir/inc/ssd1306_i2c.c.obj (_ctype_)
C:/Users/Adm/.pico-sdk/toolchain/13_3_Rel1/bin/../lib/gcc/arm-none-eabi/13.3.1/thumb/v6-m/nofp\libg.a(libc_a-memmove.o)
                              C:/Users/Adm/.pico-sdk/toolchain/13_3_Rel1/bin/../lib/gcc/arm-none-eabi/13.3.1/thumb/v6-m/nofp\libg.a(libc_a-reallocr.o) (memmove)
C:/Users/Adm/.pico-sdk/toolchain/13_3_Rel1/bin/../lib/gcc/arm-none-eabi/13.3.1/thumb/v6-m/nofp\libg.a(libc_a-strncpy.o)
                              CMakeFiles/button.dir/button.c.obj (strncpy)
C:/Users/Adm/.pico-sdk/toolchain/13_3_Rel1/bin/../lib/gcc/arm-none-eabi/13.3.1/thumb/v6-m/nofp\libg.a(libc_a-strtok.o)
                              CMakeFiles/button.dir/button.c.obj (strtok)
C:/Users/Adm/.pico-sdk/toolchain/13_3_Rel1/bin/../lib/gcc/arm-none-eabi/13.3.1/thumb/v6-m/nofp\libg.a(libc_a-strtok_r.o)
                              C:/Users/Adm/.pico-sdk/toolchain/13_3_Rel1/bin/../lib/gcc/arm-none-eabi/13.3.1/thumb/v6-m/nofp\libg.a(libc_a-strtok.o) (__strtok_r)
C:/Users/Adm/.pico-sdk/toolchain/13_3_Rel1/bin/../lib/gcc/arm-none-eabi/13.3.1/thumb/v6-m/nofp\libg.a(libc_a-impure.o)
                              C:/Users/Adm/.pico-sdk/toolchain/13_3_Rel1/bin/../lib/gcc/arm-none-eabi/13.3.1/thumb/v6-m/nofp\libg.a(libc_a-calloc.o) (_impure_ptr)
C:/Users/Adm/.pico-sdk/toolchain/13_3_Rel1/bin/../lib/gcc/arm-none-eabi/13.3.1/thumb/v6-m/nofp\libg.a(libc_a-sbrkr.o)
                              C:/Users/Adm/.pico-sdk/toolchain/13_3_Rel1/bin/../lib/gcc/arm-none-eabi/13.3.1/thumb/v6-m/nofp\libg.a(libc_a-mallocr.o) (_sbrk_r)
C:/Users/Adm/.pico-sdk/toolchain/13_3_Rel1/bin/../lib/gcc/arm-none-eabi/13.3.1/thumb/v6-m/nofp\libg.a(libc_a-errno.o)
                              C:/Users/Adm/.pico-sdk/toolchain/13_3_Rel1/bin/../lib/gcc/arm-none-eabi/13.3.1/thumb/v6-m/nofp\libg.a(libc_a-callocr.o) (__errno)
C:/Users/Adm/.pico-sdk/toolchain/13_3_Rel1/bin/../lib/gcc/arm-none-eabi/13.3.1/thumb/v6-m/nofp\libg.a(libc_a-init.o)
                              C:/Users/Adm/.pico-sdk/toolchain/13_3_Rel1/bin/../lib/gcc/arm-none-eabi/13.3.1/thumb/v6-m/nofp/crt0.o (__libc_init_array)
[...]
Memory Configuration

Name             Origin             Length             Attributes
FLASH            0x10000000         0x00200000         xr
RAM              0x20000000         0x00040000         xrw
SCRATCH_X        0x20040000         0x00001000         xrw
SCRATCH_Y        0x20041000         0x00001000         xrw
*default*        0x00000000         0xffffffff

Linker script and memory map

LOAD C:/Users/Adm/.pico-sdk/toolchain/13_3_Rel1/bin/../lib/gcc/arm-none-eabi/13.3.1/thumb/v6-m/nofp/crti.o
LOAD C:/Users/Adm/.pico-sdk/toolchain/13_3_Rel1/bin/../lib/gcc/arm-none-eabi/13.3.1/thumb/v6-m/nofp/crtbegin.o
LOAD C:/Users/Adm/.pico-sdk/toolchain/13_3_Rel1/bin/../lib/gcc/arm-none-eabi/13.3.1/thumb/v6-m/nofp/crt0.o

.flash_begin    0x10000000        0x0
                0x10000000                        __flash_binary_start = .

.boot2          0x10000000      0x100
                0x10000000                        __boot2_start__ = .
 *(.boot2)
 .boot2         0x10000000      0x100 C:\Users\Adm\AppData\Local\Temp\ccCkx77O.o
                0x10000100                        __boot2_end__ = .
                0x00000001                        ASSERT (((__boot2_end__ - __boot2_start__) == 0x100), ERROR: Pico second stage bootloader must be 256 bytes in size)

.text           0x10000100     0x33b0
                0x10000100                        __logical_binary_start = .
 *(.vectors)
 .vectors       0x10000100       0xd4 CMakeFiles/button.dir/C_/Users/Adm/.pico-sdk/sdk/1.5.1/src/rp2_common/pico_standard_link/crt0.S.obj
                0x10000100                __VECTOR_TABLE
                0x10000100                __vectors
                0x100001c0                isr_invalid
                0x100001c0                __default_isrs_start
                0x100001c2                isr_nmi
                0x100001c4                isr_hardfault
                0x100001c6                isr_svcall
                0x100001c8                isr_pendsv
                0x100001ca                isr_systick
                0x100001cc                isr_irq23
                0x100001cc                isr_irq18
                0x100001cc                isr_irq11
                0x100001cc                isr_irq28
                0x100001cc                isr_irq19
                0x100001cc                isr_irq0
                0x100001cc                isr_irq6
                0x100001cc                isr_irq5
                0x100001cc                isr_irq12
                0x100001cc                isr_irq22
                0x100001cc                isr_irq31
                0x100001cc                isr_irq17
                0x100001cc                isr_irq27
                0x100001cc                isr_irq30
                0x100001cc                isr_irq2
                0x100001cc                isr_irq10
                0x100001cc                isr_irq8
                0x100001cc                isr_irq24
                0x100001cc                isr_irq1
                0x100001cc                isr_irq7
                0x100001cc                isr_irq21
                0x100001cc                isr_irq20
                0x100001cc                isr_irq15
                0x100001cc                isr_irq25
                0x100001cc                isr_irq13
                0x100001cc                __unhandled_user_irq
                0x100001cc                isr_irq4
                0x100001cc                isr_irq16
                0x100001cc                isr_irq29
                0x100001cc                isr_irq26
                0x100001cc                __default_isrs_end
                0x100001cc                isr_irq3
                0x100001cc                isr_irq14
                0x100001cc                isr_irq9
                0x100001d2                unhandled_user_irq_num_in_r0
 *(.binary_info_header)
 .binary_info_header
                0x100001d4       0x14 CMakeFiles/button.dir/C_/Users/Adm/.pico-sdk/sdk/1.5.1/src/rp2_common/pico_standard_link/crt0.S.obj
                0x100001e8                        __binary_info_header_end = .
 *(.reset)
 .reset         0x100001e8       0xa0 CMakeFiles/button.dir/C_/Users/Adm/.pico-sdk/sdk/1.5.1/src/rp2_common/pico_standard_link/crt0.S.obj
                0x100001e8                _entry_point
 .reset         0x10000288       0x30 CMakeFiles/button.dir/C_/Users/Adm/.pico-sdk/sdk/1.5.1/src/rp2_common/pico_standard_link/binary_info.c.obj
 *(.init)
 .init          0x100002b8        0x4 C:/Users/Adm/.pico-sdk/toolchain/13_3_Rel1/bin/../lib/gcc/arm-none-eabi/13.3.1/thumb/v6-m/nofp/crti.o
                0x100002b8                _init
 *(EXCLUDE_FILE(*libm.a: *libc.a:*lib_a-mem*.o *libgcc.a:) .text*)
 .text.register_tm_clones
                0x100002bc       0x28 C:/Users/Adm/.pico-sdk/toolchain/13_3_Rel1/bin/../lib/gcc/arm-none-eabi/13.3.1/thumb/v6-m/nofp/crtbegin.o
 .text.frame_dummy
                0x100002e4       0x24 C:/Users/Adm/.pico-sdk/toolchain/13_3_Rel1/bin/../lib/gcc/arm-none-eabi/13.3.1/thumb/v6-m/nofp/crtbegin.o
 .text.startup.main
                0x10000308      0x47c CMakeFiles/button.dir/button.c.obj
                0x10000308                main
 .text.calculate_render_area_buffer_length
                0x10000784       0x18 CMakeFiles/button.dir/inc/ssd1306_i2c.c.obj
                0x10000784                calculate_render_area_buffer_length
 .text.ssd1306_init
                0x1000079c       0x58 CMakeFiles/button.dir/inc/ssd1306_i2c.c.obj
                0x1000079c                ssd1306_init
 .text.render_on_display
                0x100007f4       0x98 CMakeFiles/button.dir/inc/ssd1306_i2c.c.obj
                0x100007f4                render_on_display
 .text.ssd1306_draw_line
                0x1000088c      0x124 CMakeFiles/button.dir/inc/ssd1306_i2c.c.obj
                0x1000088c                ssd1306_draw_line
 .text.ssd1306_draw_string
                0x100009b0       0xd8 CMakeFiles/button.dir/inc/ssd1306_i2c.c.obj
                0x100009b0                ssd1306_draw_string
 .text.gpio_set_function
                0x10000a88       0x30 CMakeFiles/button.dir/C_/Users/Adm/.pico-sdk/sdk/1.5.1/src/rp2_common/hardware_gpio/gpio.c.obj
                0x10000a88                gpio_set_function
 .text.gpio_set_pulls
                0x10000ab8       0x24 CMakeFiles/button.dir/C_/Users/Adm/.pico-sdk/sdk/1.5.1/src/rp2_common/hardware_gpio/gpio.c.obj
                0x10000ab8                gpio_set_pulls
 .text.gpio_init
                0x10000adc       0x3c CMakeFiles/button.dir/C_/Users/Adm/.pico-sdk/sdk/1.5.1/src/rp2_common/hardware_gpio/gpio.c.obj
                0x10000adc                gpio_init
 .text.running_on_fpga
                0x10000b18       0x10 CMakeFiles/button.dir/C_/Users/Adm/.pico-sdk/sdk/1.5.1/src/rp2_common/pico_platform/platform.c.obj
                0x10000b18                running_on_fpga
 .text.hw_claim_or_assert
                0x10000b28       0x44 CMakeFiles/button.dir/C_/Users/Adm/.pico-sdk/sdk/1.5.1/src/rp2_common/hardware_claim/claim.c.obj
                0x10000b28                hw_claim_or_assert
 .text.hw_claim_unused_from_range
                0x10000b6c       0x9c CMakeFiles/button.dir/C_/Users/Adm/.pico-sdk/sdk/1.5.1/src/rp2_common/hardware_claim/claim.c.obj
                0x10000b6c                hw_claim_unused_from_range
 .text.spin_locks_reset
                0x10000c08       0x1c CMakeFiles/button.dir/C_/Users/Adm/.pico-sdk/sdk/1.5.1/src/rp2_common/hardware_sync/sync.c.obj
                0x10000c08                spin_locks_reset
 .text.next_striped_spin_lock_num
                0x10000c24       0x18 CMakeFiles/button.dir/C_/Users/Adm/.pico-sdk/sdk/1.5.1/src/rp2_common/hardware_sync/sync.c.obj
                0x10000c24                next_striped_spin_lock_num
 .text.irq_set_enabled
                0x10000c3c       0x24 CMakeFiles/button.dir/C_/Users/Adm/.pico-sdk/sdk/1.5.1/src/rp2_common/hardware_irq/irq.c.obj
                0x10000c3c                irq_set_enabled
 .text.irq_get_vtable_handler
                0x10000c60       0x10 CMakeFiles/button.dir/C_/Users/Adm/.pico-sdk/sdk/1.5.1/src/rp2_common/hardware_irq/irq.c.obj
                0x10000c60                irq_get_vtable_handler
 .text.irq_set_exclusive_handler
                0x10000c70       0x54 CMakeFiles/button.dir/C_/Users/Adm/.pico-sdk/sdk/1.5.1/src/rp2_common/hardware_irq/irq.c.obj
                0x10000c70                irq_set_exclusive_handler
 .text.irq_remove_handler
                0x10000cc4      0x1c4 CMakeFiles/button.dir/C_/Users/Adm/.pico-sdk/sdk/1.5.1/src/rp2_common/hardware_irq/irq.c.obj
                0x10000cc4                irq_remove_handler
 .text.irq_add_tail_to_free_list
                0x10000e88       0xb4 CMakeFiles/button.dir/C_/Users/Adm/.pico-sdk/sdk/1.5.1/src/rp2_common/hardware_irq/irq.c.obj
                0x10000e88                irq_add_tail_to_free_list
 .text.irq_init_priorities
                0x10000f3c       0x24 CMakeFiles/button.dir/C_/Users/Adm/.pico-sdk/sdk/1.5.1/src/rp2_common/hardware_irq/irq.c.obj
                0x10000f3c                irq_init_priorities
 .text.lock_init
                0x10000f60       0x10 CMakeFiles/button.dir/C_/Users/Adm/.pico-sdk/sdk/1.5.1/src/common/pico_sync/lock_core.c.obj
                0x10000f60                lock_init
 .text.mutex_init
                0x10000f70       0x1c CMakeFiles/button.dir/C_/Users/Adm/.pico-sdk/sdk/1.5.1/src/common/pico_sync/mutex.c.obj
                0x10000f70                mutex_init
 .text.recursive_mutex_init
                0x10000f8c       0x1c CMakeFiles/button.dir/C_/Users/Adm/.pico-sdk/sdk/1.5.1/src/common/pico_sync/mutex.c.obj
                0x10000f8c                recursive_mutex_init
 .text.timer_pool_entry_comparator
                0x10000fa8       0x34 CMakeFiles/button.dir/C_/Users/Adm/.pico-sdk/sdk/1.5.1/src/common/pico_time/time.c.obj
                0x10000fa8                timer_pool_entry_comparator
 .text.sleep_until_callback
                0x10000fdc       0x30 CMakeFiles/button.dir/C_/Users/Adm/.pico-sdk/sdk/1.5.1/src/common/pico_time/time.c.obj
 .text.add_alarm_under_lock.isra.0
                0x1000100c      0x100 CMakeFiles/button.dir/C_/Users/Adm/.pico-sdk/sdk/1.5.1/src/common/pico_time/time.c.obj
 .text.alarm_pool_alarm_callback
                0x1000110c      0x1c0 CMakeFiles/button.dir/C_/Users/Adm/.pico-sdk/sdk/1.5.1/src/common/pico_time/time.c.obj
 .text.alarm_pool_init_default
                0x100012cc       0x6c CMakeFiles/button.dir/C_/Users/Adm/.pico-sdk/sdk/1.5.1/src/common/pico_time/time.c.obj
                0x100012cc                alarm_pool_init_default
 .text.alarm_pool_add_alarm_at
                0x10001338      0x17c CMakeFiles/button.dir/C_/Users/Adm/.pico-sdk/sdk/1.5.1/src/common/pico_time/time.c.obj
                0x10001338                alarm_pool_add_alarm_at
 .text.sleep_until
                0x100014b4       0xc4 CMakeFiles/button.dir/C_/Users/Adm/.pico-sdk/sdk/1.5.1/src/common/pico_time/time.c.obj
                0x100014b4                sleep_until
 .text.sleep_ms
                0x10001578       0x38 CMakeFiles/button.dir/C_/Users/Adm/.pico-sdk/sdk/1.5.1/src/common/pico_time/time.c.obj
                0x10001578                sleep_ms
 .text.best_effort_wfe_or_timeout
                0x100015b0       0xcc CMakeFiles/button.dir/C_/Users/Adm/.pico-sdk/sdk/1.5.1/src/common/pico_time/time.c.obj
                0x100015b0                best_effort_wfe_or_timeout
 .text.hardware_alarm_irq_handler
                0x1000167c       0xbc CMakeFiles/button.dir/C_/Users/Adm/.pico-sdk/sdk/1.5.1/src/rp2_common/hardware_timer/timer.c.obj
 .text.hardware_alarm_claim
                0x10001738       0x18 CMakeFiles/button.dir/C_/Users/Adm/.pico-sdk/sdk/1.5.1/src/rp2_common/hardware_timer/timer.c.obj
                0x10001738                hardware_alarm_claim
 .text.time_us_64
                0x10001750       0x14 CMakeFiles/button.dir/C_/Users/Adm/.pico-sdk/sdk/1.5.1/src/rp2_common/hardware_timer/timer.c.obj
                0x10001750                time_us_64
 .text.busy_wait_until
                0x10001764       0x20 CMakeFiles/button.dir/C_/Users/Adm/.pico-sdk/sdk/1.5.1/src/rp2_common/hardware_timer/timer.c.obj
                0x10001764                busy_wait_until
 .text.hardware_alarm_set_callback
                0x10001784       0x8c CMakeFiles/button.dir/C_/Users/Adm/.pico-sdk/sdk/1.5.1/src/rp2_common/hardware_timer/timer.c.obj
                0x10001784                hardware_alarm_set_callback
 .text.hardware_alarm_set_target
                0x10001810       0xd0 CMakeFiles/button.dir/C_/Users/Adm/.pico-sdk/sdk/1.5.1/src/rp2_common/hardware_timer/timer.c.obj
                0x10001810                hardware_alarm_set_target
 .text.hardware_alarm_cancel
                0x100018e0       0x3c CMakeFiles/button.dir/C_/Users/Adm/.pico-sdk/sdk/1.5.1/src/rp2_common/hardware_timer/timer.c.obj
                0x100018e0                hardware_alarm_cancel
 .text.ph_merge_nodes
                0x1000191c       0x58 CMakeFiles/button.dir/C_/Users/Adm/.pico-sdk/sdk/1.5.1/src/common/pico_util/pheap.c.obj
 .text.ph_post_alloc_init
                0x10001974       0x3c CMakeFiles/button.dir/C_/Users/Adm/.pico-sdk/sdk/1.5.1/src/common/pico_util/pheap.c.obj
                0x10001974                ph_post_alloc_init
 .text.ph_merge_two_pass
                0x100019b0       0x8c CMakeFiles/button.dir/C_/Users/Adm/.pico-sdk/sdk/1.5.1/src/common/pico_util/pheap.c.obj
                0x100019b0                ph_merge_two_pass
 .text.ph_remove_any_head
                0x10001a3c      0x100 CMakeFiles/button.dir/C_/Users/Adm/.pico-sdk/sdk/1.5.1/src/common/pico_util/pheap.c.obj
 .text.ph_remove_head
                0x10001b3c      0x104 CMakeFiles/button.dir/C_/Users/Adm/.pico-sdk/sdk/1.5.1/src/common/pico_util/pheap.c.obj
                0x10001b3c                ph_remove_head
 .text.ph_remove_and_free_node
                0x10001c40       0x78 CMakeFiles/button.dir/C_/Users/Adm/.pico-sdk/sdk/1.5.1/src/common/pico_util/pheap.c.obj
                0x10001c40                ph_remove_and_free_node
 .text.clocks_init
                0x10001cb8      0x2c8 CMakeFiles/button.dir/C_/Users/Adm/.pico-sdk/sdk/1.5.1/src/rp2_common/hardware_clocks/clocks.c.obj
                0x10001cb8                clocks_init
 .text.clock_get_hz
                0x10001f80        0xc CMakeFiles/button.dir/C_/Users/Adm/.pico-sdk/sdk/1.5.1/src/rp2_common/hardware_clocks/clocks.c.obj
                0x10001f80                clock_get_hz
 .text.pll_init
                0x10001f8c       0xa4 CMakeFiles/button.dir/C_/Users/Adm/.pico-sdk/sdk/1.5.1/src/rp2_common/hardware_pll/pll.c.obj
                0x10001f8c                pll_init
 .text.watchdog_start_tick
                0x10002030       0x10 CMakeFiles/button.dir/C_/Users/Adm/.pico-sdk/sdk/1.5.1/src/rp2_common/hardware_watchdog/watchdog.c.obj
                0x10002030                watchdog_start_tick
 .text.xosc_init
                0x10002040       0x28 CMakeFiles/button.dir/C_/Users/Adm/.pico-sdk/sdk/1.5.1/src/rp2_common/hardware_xosc/xosc.c.obj
                0x10002040                xosc_init
 .text.runtime_init
                0x10002068       0xf0 CMakeFiles/button.dir/C_/Users/Adm/.pico-sdk/sdk/1.5.1/src/rp2_common/pico_runtime/runtime.c.obj
                0x10002068                runtime_init
 .text._exit    0x10002158        0x4 CMakeFiles/button.dir/C_/Users/Adm/.pico-sdk/sdk/1.5.1/src/rp2_common/pico_runtime/runtime.c.obj
                0x10002158                _exit
 .text._sbrk    0x1000215c       0x34 CMakeFiles/button.dir/C_/Users/Adm/.pico-sdk/sdk/1.5.1/src/rp2_common/pico_runtime/runtime.c.obj
                0x1000215c                _sbrk
 .text.exit     0x10002190        0x8 CMakeFiles/button.dir/C_/Users/Adm/.pico-sdk/sdk/1.5.1/src/rp2_common/pico_runtime/runtime.c.obj
                0x10002190                exit
 .text.panic    0x10002198       0x30 CMakeFiles/button.dir/C_/Users/Adm/.pico-sdk/sdk/1.5.1/src/rp2_common/pico_runtime/runtime.c.obj
                0x10002198                panic
 .text.hard_assertion_failure
                0x100021c8        0xc CMakeFiles/button.dir/C_/Users/Adm/.pico-sdk/sdk/1.5.1/src/rp2_common/pico_runtime/runtime.c.obj
                0x100021c8                hard_assertion_failure
 .text._out_char
                0x100021d4       0x10 CMakeFiles/button.dir/C_/Users/Adm/.pico-sdk/sdk/1.5.1/src/rp2_common/pico_printf/printf.c.obj
 .text.weak_raw_vprintf
                0x100021e4       0x30 CMakeFiles/button.dir/C_/Users/Adm/.pico-sdk/sdk/1.5.1/src/rp2_common/pico_printf/printf.c.obj
                0x100021e4                weak_raw_vprintf
 .text          0x10002214       0x10 CMakeFiles/button.dir/C_/Users/Adm/.pico-sdk/sdk/1.5.1/src/rp2_common/pico_bit_ops/bit_ops_aeabi.S.obj
 .text.rom_func_lookup
                0x10002224       0x10 CMakeFiles/button.dir/C_/Users/Adm/.pico-sdk/sdk/1.5.1/src/rp2_common/pico_bootrom/bootrom.c.obj
                0x10002224                rom_func_lookup
 .text.rom_data_lookup
                0x10002234       0x10 CMakeFiles/button.dir/C_/Users/Adm/.pico-sdk/sdk/1.5.1/src/rp2_common/pico_bootrom/bootrom.c.obj
                0x10002234                rom_data_lookup
 .text.rom_funcs_lookup
                0x10002244       0x44 CMakeFiles/button.dir/C_/Users/Adm/.pico-sdk/sdk/1.5.1/src/rp2_common/pico_bootrom/bootrom.c.obj
                0x10002244                rom_funcs_lookup
 .text.__wrap___aeabi_idiv
                0x10002288       0x50 CMakeFiles/button.dir/C_/Users/Adm/.pico-sdk/sdk/1.5.1/src/rp2_common/pico_divider/divider.S.obj
                0x10002288                __wrap___aeabi_idivmod
                0x10002288                divmod_s32s32
                0x10002288                div_s32s32
                0x10002288                __wrap___aeabi_idiv
                0x10002290                divmod_s32s32_unsafe
                0x100022bc                divmod_s32s32_savestate
 .text.__wrap___aeabi_uidiv
                0x100022d8       0x4c CMakeFiles/button.dir/C_/Users/Adm/.pico-sdk/sdk/1.5.1/src/rp2_common/pico_divider/divider.S.obj
                0x100022d8                __wrap___aeabi_uidiv
                0x100022d8                __wrap___aeabi_uidivmod
                0x100022d8                div_u32u32
                0x100022d8                divmod_u32u32
                0x100022e0                divmod_u32u32_unsafe
                0x10002308                divmod_u32u32_savestate
 .text.missing_double_func_shim
                0x10002324        0xc CMakeFiles/button.dir/C_/Users/Adm/.pico-sdk/sdk/1.5.1/src/rp2_common/pico_double/double_init_rom.c.obj
 .text.__aeabi_double_init
                0x10002330       0x94 CMakeFiles/button.dir/C_/Users/Adm/.pico-sdk/sdk/1.5.1/src/rp2_common/pico_double/double_init_rom.c.obj
                0x10002330                __aeabi_double_init
 .text.double_table_shim_on_use_helper
                0x100023c4       0x2c CMakeFiles/button.dir/C_/Users/Adm/.pico-sdk/sdk/1.5.1/src/rp2_common/pico_double/double_v1_rom_shim.S.obj
                0x100023c4                double_table_shim_on_use_helper
 .text.__aeabi_lmul
                0x100023f0       0x32 CMakeFiles/button.dir/C_/Users/Adm/.pico-sdk/sdk/1.5.1/src/rp2_common/pico_int64_ops/pico_int64_ops_aeabi.S.obj
                0x100023f0                __wrap___aeabi_lmul
 *fill*         0x10002422        0x2 
 .text.missing_float_func_shim
                0x10002424        0xc CMakeFiles/button.dir/C_/Users/Adm/.pico-sdk/sdk/1.5.1/src/rp2_common/pico_float/float_init_rom.c.obj
 .text.__aeabi_float_init
                0x10002430       0x5c CMakeFiles/button.dir/C_/Users/Adm/.pico-sdk/sdk/1.5.1/src/rp2_common/pico_float/float_init_rom.c.obj
                0x10002430                __aeabi_float_init
 .text.__wrap_malloc
                0x1000248c       0x24 CMakeFiles/button.dir/C_/Users/Adm/.pico-sdk/sdk/1.5.1/src/rp2_common/pico_malloc/pico_malloc.c.obj
                0x1000248c                __wrap_malloc
 .text.__wrap_free
                0x100024b0        0x8 CMakeFiles/button.dir/C_/Users/Adm/.pico-sdk/sdk/1.5.1/src/rp2_common/pico_malloc/pico_malloc.c.obj
                0x100024b0                __wrap_free
 .text          0x100024b8       0x10 CMakeFiles/button.dir/C_/Users/Adm/.pico-sdk/sdk/1.5.1/src/rp2_common/pico_mem_ops/mem_ops_aeabi.S.obj
                0x100024b8                __aeabi_mem_init
 .text.memset   0x100024c8        0xc CMakeFiles/button.dir/C_/Users/Adm/.pico-sdk/sdk/1.5.1/src/rp2_common/pico_mem_ops/mem_ops_aeabi.S.obj
                0x100024c8                __wrap_memset
 .text.memcpy   0x100024d4        0xc CMakeFiles/button.dir/C_/Users/Adm/.pico-sdk/sdk/1.5.1/src/rp2_common/pico_mem_ops/mem_ops_aeabi.S.obj
                0x100024d4                __wrap_memcpy
                0x100024d4                __wrap___aeabi_memcpy
 .text.stdio_out_chars_crlf
                0x100024e0       0x94 CMakeFiles/button.dir/C_/Users/Adm/.pico-sdk/sdk/1.5.1/src/rp2_common/pico_stdio/stdio.c.obj
 .text.__wrap_putchar
                0x10002574       0x98 CMakeFiles/button.dir/C_/Users/Adm/.pico-sdk/sdk/1.5.1/src/rp2_common/pico_stdio/stdio.c.obj
                0x10002574                __wrap_putchar
 .text.__wrap_puts
                0x1000260c       0xe0 CMakeFiles/button.dir/C_/Users/Adm/.pico-sdk/sdk/1.5.1/src/rp2_common/pico_stdio/stdio.c.obj
                0x1000260c                __wrap_puts
 .text.startup._retrieve_unique_id_on_boot
                0x100026ec       0x10 CMakeFiles/button.dir/C_/Users/Adm/.pico-sdk/sdk/1.5.1/src/rp2_common/pico_unique_id/unique_id.c.obj
 .text.flash_get_unique_id
                0x100026fc       0x3c CMakeFiles/button.dir/C_/Users/Adm/.pico-sdk/sdk/1.5.1/src/rp2_common/hardware_flash/flash.c.obj
                0x100026fc                flash_get_unique_id
 .text.dma_claim_unused_channel
                0x10002738       0x24 CMakeFiles/button.dir/C_/Users/Adm/.pico-sdk/sdk/1.5.1/src/rp2_common/hardware_dma/dma.c.obj
                0x10002738                dma_claim_unused_channel
 .text.dma_channel_cleanup
                0x1000275c       0x60 CMakeFiles/button.dir/C_/Users/Adm/.pico-sdk/sdk/1.5.1/src/rp2_common/hardware_dma/dma.c.obj
                0x1000275c                dma_channel_cleanup
 .text.i2c_set_baudrate
                0x100027bc       0xc4 CMakeFiles/button.dir/C_/Users/Adm/.pico-sdk/sdk/1.5.1/src/rp2_common/hardware_i2c/i2c.c.obj
                0x100027bc                i2c_set_baudrate
 .text.i2c_init
                0x10002880       0x50 CMakeFiles/button.dir/C_/Users/Adm/.pico-sdk/sdk/1.5.1/src/rp2_common/hardware_i2c/i2c.c.obj
                0x10002880                i2c_init
 .text.i2c_write_blocking
                0x100028d0       0xd0 CMakeFiles/button.dir/C_/Users/Adm/.pico-sdk/sdk/1.5.1/src/rp2_common/hardware_i2c/i2c.c.obj
                0x100028d0                i2c_write_blocking
 .text.itoa     0x100029a0       0x30 C:/Users/Adm/.pico-sdk/toolchain/13_3_Rel1/bin/../lib/gcc/arm-none-eabi/13.3.1/thumb/v6-m/nofp\libg.a(libc_a-itoa.o)
                0x100029a0                itoa
 .text.malloc   0x100029d0       0x14 C:/Users/Adm/.pico-sdk/toolchain/13_3_Rel1/bin/../lib/gcc/arm-none-eabi/13.3.1/thumb/v6-m/nofp\libg.a(libc_a-malloc.o)
                0x100029d0                malloc
 .text.free     0x100029e4       0x14 C:/Users/Adm/.pico-sdk/toolchain/13_3_Rel1/bin/../lib/gcc/arm-none-eabi/13.3.1/thumb/v6-m/nofp\libg.a(libc_a-malloc.o)
                0x100029e4                free
 .text._malloc_r
                0x100029f8      0x5c4 C:/Users/Adm/.pico-sdk/toolchain/13_3_Rel1/bin/../lib/gcc/arm-none-eabi/13.3.1/thumb/v6-m/nofp\libg.a(libc_a-mallocr.o)
                0x100029f8                _malloc_r
 .text.__malloc_lock
                0x10002fbc       0x10 C:/Users/Adm/.pico-sdk/toolchain/13_3_Rel1/bin/../lib/gcc/arm-none-eabi/13.3.1/thumb/v6-m/nofp\libg.a(libc_a-mlock.o)
                0x10002fbc                __malloc_lock
 .text.__malloc_unlock
                0x10002fcc       0x10 C:/Users/Adm/.pico-sdk/toolchain/13_3_Rel1/bin/../lib/gcc/arm-none-eabi/13.3.1/thumb/v6-m/nofp\libg.a(libc_a-mlock.o)
                0x10002fcc                __malloc_unlock
 .text.__utoa   0x10002fdc       0x80 C:/Users/Adm/.pico-sdk/toolchain/13_3_Rel1/bin/../lib/gcc/arm-none-eabi/13.3.1/thumb/v6-m/nofp\libg.a(libc_a-utoa.o)
                0x10002fdc                __utoa
 .text.strncpy  0x1000305c       0x60 C:/Users/Adm/.pico-sdk/toolchain/13_3_Rel1/bin/../lib/gcc/arm-none-eabi/13.3.1/thumb/v6-m/nofp\libg.a(libc_a-strncpy.o)
                0x1000305c                strncpy
 .text.strtok   0x100030bc       0x14 C:/Users/Adm/.pico-sdk/toolchain/13_3_Rel1/bin/../lib/gcc/arm-none-eabi/13.3.1/thumb/v6-m/nofp\libg.a(libc_a-strtok.o)
                0x100030bc                strtok
 .text.__strtok_r
                0x100030d0       0x64 C:/Users/Adm/.pico-sdk/toolchain/13_3_Rel1/bin/../lib/gcc/arm-none-eabi/13.3.1/thumb/v6-m/nofp\libg.a(libc_a-strtok_r.o)
                0x100030d0                __strtok_r
 .text._sbrk_r  0x10003134       0x24 C:/Users/Adm/.pico-sdk/toolchain/13_3_Rel1/bin/../lib/gcc/arm-none-eabi/13.3.1/thumb/v6-m/nofp\libg.a(libc_a-sbrkr.o)
                0x10003134                _sbrk_r
 .text.__errno  0x10003158        0xc C:/Users/Adm/.pico-sdk/toolchain/13_3_Rel1/bin/../lib/gcc/arm-none-eabi/13.3.1/thumb/v6-m/nofp\libg.a(libc_a-errno.o)
                0x10003158                __errno
 .text.__retarget_lock_acquire_recursive
                0x10003164        0x4 C:/Users/Adm/.pico-sdk/toolchain/13_3_Rel1/bin/../lib/gcc/arm-none-eabi/13.3.1/thumb/v6-m/nofp\libg.a(libc_a-lock.o)
                0x10003164                __retarget_lock_acquire_recursive
 .text.__retarget_lock_release_recursive
                0x10003168        0x4 C:/Users/Adm/.pico-sdk/toolchain/13_3_Rel1/bin/../lib/gcc/arm-none-eabi/13.3.1/thumb/v6-m/nofp\libg.a(libc_a-lock.o)
                0x10003168                __retarget_lock_release_recursive
 .text.sysconf  0x1000316c       0x1c C:/Users/Adm/.pico-sdk/toolchain/13_3_Rel1/bin/../lib/gcc/arm-none-eabi/13.3.1/thumb/v6-m/nofp\libg.a(libc_a-sysconf.o)
                0x1000316c                sysconf
 .text.strlen   0x10003188       0x5c C:/Users/Adm/.pico-sdk/toolchain/13_3_Rel1/bin/../lib/gcc/arm-none-eabi/13.3.1/thumb/v6-m/nofp\libg.a(libc_a-strlen-stub.o)
                0x10003188                strlen
 .text._malloc_trim_r
                0x100031e4       0xb4 C:/Users/Adm/.pico-sdk/toolchain/13_3_Rel1/bin/../lib/gcc/arm-none-eabi/13.3.1/thumb/v6-m/nofp\libg.a(libc_a-freer.o)
                0x100031e4                _malloc_trim_r
 .text._free_r  0x10003298      0x1d4 C:/Users/Adm/.pico-sdk/toolchain/13_3_Rel1/bin/../lib/gcc/arm-none-eabi/13.3.1/thumb/v6-m/nofp\libg.a(libc_a-freer.o)
                0x10003298                _free_r
 *(.fini)
 .fini          0x1000346c        0x4 C:/Users/Adm/.pico-sdk/toolchain/13_3_Rel1/bin/../lib/gcc/arm-none-eabi/13.3.1/thumb/v6-m/nofp/crti.o
                0x1000346c                _fini
 .fini.__stub   0x10003470       0x40 linker stubs
 *crtbegin.o(.ctors)
 *crtbegin?.o(.ctors)
 *(EXCLUDE_FILE(*crtend.o *crtend?.o) .ctors)
 *(SORT_BY_NAME(.ctors.*))
 *(.ctors)
 *crtbegin.o(.dtors)
 *crtbegin?.o(.dtors)
 *(EXCLUDE_FILE(*crtend.o *crtend?.o) .dtors)
 *(SORT_BY_NAME(.dtors.*))
 *(.dtors)
 *(.eh_frame*)
 .eh_frame      0x100034b0        0x0 C:/Users/Adm/.pico-sdk/toolchain/13_3_Rel1/bin/../lib/gcc/arm-none-eabi/13.3.1/thumb/v6-m/nofp/crtbegin.o
                0x100034b0                        . = ALIGN (0x4)

.glue_7         0x100034b0        0x0
 .glue_7        0x100034b0        0x0 linker stubs

.glue_7t        0x100034b0        0x0
 .glue_7t       0x100034b0        0x0 linker stubs

.vfp11_veneer   0x100034b0        0x0
 .vfp11_veneer  0x100034b0        0x0 linker stubs

.v4_bx          0x100034b0        0x0
 .v4_bx         0x100034b0        0x0 linker stubs

.iplt           0x100034b0        0x0
 .iplt          0x100034b0        0x0 C:/Users/Adm/.pico-sdk/toolchain/13_3_Rel1/bin/../lib/gcc/arm-none-eabi/13.3.1/thumb/v6-m/nofp/crtbegin.o

.rodata         0x100034b0      0xc54
 *(EXCLUDE_FILE(*libm.a: *libc.a:*lib_a-mem*.o *libgcc.a:) .rodata*)
 .rodata.main.str1.4
                0x100034b0      0x13d CMakeFiles/button.dir/button.c.obj
                                 0x30 (size before relaxing)
 .rodata.str1.4
                0x100035ed       0x1f CMakeFiles/button.dir/button.c.obj
 *fill*         0x100035ed        0x3 
 .rodata.src    0x100035f0      0x876 CMakeFiles/button.dir/button.c.obj
                0x100035f0                src
 *fill*         0x10003e66        0x2 
 .rodata        0x10003e68       0x20 CMakeFiles/button.dir/button.c.obj
 .rodata.font   0x10003e88      0x128 CMakeFiles/button.dir/inc/ssd1306_i2c.c.obj
 .rodata        0x10003fb0       0x1a CMakeFiles/button.dir/inc/ssd1306_i2c.c.obj
 .rodata.hardware_alarm_claim.str1.4
                0x10003fca       0x22 CMakeFiles/button.dir/C_/Users/Adm/.pico-sdk/sdk/1.5.1/src/rp2_common/hardware_timer/timer.c.obj
 .rodata.panic.str1.4
                0x10003fca       0x12 CMakeFiles/button.dir/C_/Users/Adm/.pico-sdk/sdk/1.5.1/src/rp2_common/pico_runtime/runtime.c.obj
 .rodata.hard_assertion_failure.str1.4
                0x10003fca        0xc CMakeFiles/button.dir/C_/Users/Adm/.pico-sdk/sdk/1.5.1/src/rp2_common/pico_runtime/runtime.c.obj
 .rodata.missing_double_func_shim.str1.4
                0x10003fca       0x18 CMakeFiles/button.dir/C_/Users/Adm/.pico-sdk/sdk/1.5.1/src/rp2_common/pico_double/double_init_rom.c.obj
 .rodata.missing_float_func_shim.str1.4
                0x10003fca        0x1 CMakeFiles/button.dir/C_/Users/Adm/.pico-sdk/sdk/1.5.1/src/rp2_common/pico_float/float_init_rom.c.obj
 .rodata.__wrap_malloc.str1.4
                0x10003fca        0xe CMakeFiles/button.dir/C_/Users/Adm/.pico-sdk/sdk/1.5.1/src/rp2_common/pico_malloc/pico_malloc.c.obj
 .rodata.str1.4
                0x10003fca       0x40 CMakeFiles/button.dir/C_/Users/Adm/.pico-sdk/sdk/1.5.1/src/rp2_common/pico_standard_link/binary_info.c.obj
 *fill*         0x10003fca        0x2 
 .rodata.__bi_81
                0x10003fcc        0xc CMakeFiles/button.dir/C_/Users/Adm/.pico-sdk/sdk/1.5.1/src/rp2_common/pico_standard_link/binary_info.c.obj
 .rodata.__bi_75
                0x10003fd8        0xc CMakeFiles/button.dir/C_/Users/Adm/.pico-sdk/sdk/1.5.1/src/rp2_common/pico_standard_link/binary_info.c.obj
 .rodata.__bi_56
                0x10003fe4        0xc CMakeFiles/button.dir/C_/Users/Adm/.pico-sdk/sdk/1.5.1/src/rp2_common/pico_standard_link/binary_info.c.obj
 .rodata.__bi_44
                0x10003ff0        0xc CMakeFiles/button.dir/C_/Users/Adm/.pico-sdk/sdk/1.5.1/src/rp2_common/pico_standard_link/binary_info.c.obj
 .rodata.crlf_str.0
                0x10003ffc        0x2 CMakeFiles/button.dir/C_/Users/Adm/.pico-sdk/sdk/1.5.1/src/rp2_common/pico_stdio/stdio.c.obj
 .rodata.dma_claim_unused_channel.str1.4
                0x10003ffe       0x1e CMakeFiles/button.dir/C_/Users/Adm/.pico-sdk/sdk/1.5.1/src/rp2_common/hardware_dma/dma.c.obj
 .rodata.__utoa.str1.4
                0x10003ffe       0x25 C:/Users/Adm/.pico-sdk/toolchain/13_3_Rel1/bin/../lib/gcc/arm-none-eabi/13.3.1/thumb/v6-m/nofp\libg.a(libc_a-utoa.o)
 *fill*         0x10003ffe        0x2 
 .rodata._ctype_
                0x10004000      0x101 C:/Users/Adm/.pico-sdk/toolchain/13_3_Rel1/bin/../lib/gcc/arm-none-eabi/13.3.1/thumb/v6-m/nofp\libg.a(libc_a-ctype_.o)
                0x10004000                _ctype_
                0x10004104                        . = ALIGN (0x4)
 *fill*         0x10004101        0x3 
 *(SORT_BY_ALIGNMENT(SORT_BY_NAME(.flashdata*)))
                0x10004104                        . = ALIGN (0x4)

.ARM.extab
 *(.ARM.extab* .gnu.linkonce.armextab.*)
                0x10004104                        __exidx_start = .

.ARM.exidx
 *(.ARM.exidx* .gnu.linkonce.armexidx.*)
                0x10004104                        __exidx_end = .
                0x10004104                        . = ALIGN (0x4)
                0x10004104                        __binary_info_start = .

.binary_info    0x10004104       0x20
 *(.binary_info.keep.*)
 .binary_info.keep.__bi_ptr81
                0x10004104        0x4 CMakeFiles/button.dir/C_/Users/Adm/.pico-sdk/sdk/1.5.1/src/rp2_common/pico_standard_link/binary_info.c.obj
 .binary_info.keep.__bi_ptr75
                0x10004108        0x4 CMakeFiles/button.dir/C_/Users/Adm/.pico-sdk/sdk/1.5.1/src/rp2_common/pico_standard_link/binary_info.c.obj
 .binary_info.keep.__bi_ptr56
                0x1000410c        0x4 CMakeFiles/button.dir/C_/Users/Adm/.pico-sdk/sdk/1.5.1/src/rp2_common/pico_standard_link/binary_info.c.obj
 .binary_info.keep.__bi_ptr50
                0x10004110        0x4 CMakeFiles/button.dir/C_/Users/Adm/.pico-sdk/sdk/1.5.1/src/rp2_common/pico_standard_link/binary_info.c.obj
 .binary_info.keep.__bi_ptr44
                0x10004114        0x4 CMakeFiles/button.dir/C_/Users/Adm/.pico-sdk/sdk/1.5.1/src/rp2_common/pico_standard_link/binary_info.c.obj
 .binary_info.keep.__bi_ptr38
                0x10004118        0x4 CMakeFiles/button.dir/C_/Users/Adm/.pico-sdk/sdk/1.5.1/src/rp2_common/pico_standard_link/binary_info.c.obj
 .binary_info.keep.__bi_ptr30
                0x1000411c        0x4 CMakeFiles/button.dir/C_/Users/Adm/.pico-sdk/sdk/1.5.1/src/rp2_common/pico_standard_link/binary_info.c.obj
 .binary_info.keep.__bi_ptr22
                0x10004120        0x4 CMakeFiles/button.dir/C_/Users/Adm/.pico-sdk/sdk/1.5.1/src/rp2_common/pico_standard_link/binary_info.c.obj
 *(.binary_info.*)
                0x10004124                        __binary_info_end = .

.rel.dyn        0x10004124        0x0
 .rel.iplt      0x10004124        0x0 C:/Users/Adm/.pico-sdk/toolchain/13_3_Rel1/bin/../lib/gcc/arm-none-eabi/13.3.1/thumb/v6-m/nofp/crtbegin.o
                0x10004124                        . = ALIGN (0x4)

.ram_vector_table
                0x20000000       0xc0
 *(.ram_vector_table)
 .ram_vector_table
                0x20000000       0xc0 CMakeFiles/button.dir/C_/Users/Adm/.pico-sdk/sdk/1.5.1/src/rp2_common/pico_runtime/runtime.c.obj
                0x20000000                ram_vector_table

.data           0x200000c0      0x838 load address 0x10004124
                0x200000c0                        __data_start__ = .
 *(vtable)
 *(.time_critical*)
 .time_critical.mutex_try_enter_block_until
                0x200000c0       0x9c CMakeFiles/button.dir/C_/Users/Adm/.pico-sdk/sdk/1.5.1/src/common/pico_sync/mutex.c.obj
                0x200000c0                mutex_try_enter_block_until
 .time_critical.mutex_exit
                0x2000015c       0x28 CMakeFiles/button.dir/C_/Users/Adm/.pico-sdk/sdk/1.5.1/src/common/pico_sync/mutex.c.obj
                0x2000015c                mutex_exit
 .time_critical.flash_init_boot2_copyout
                0x20000184       0x30 CMakeFiles/button.dir/C_/Users/Adm/.pico-sdk/sdk/1.5.1/src/rp2_common/hardware_flash/flash.c.obj
 .time_critical.flash_enable_xip_via_boot2
                0x200001b4        0xc CMakeFiles/button.dir/C_/Users/Adm/.pico-sdk/sdk/1.5.1/src/rp2_common/hardware_flash/flash.c.obj
 .time_critical.flash_cs_force
                0x200001c0       0x38 CMakeFiles/button.dir/C_/Users/Adm/.pico-sdk/sdk/1.5.1/src/rp2_common/hardware_flash/flash.c.obj
 .time_critical.flash_do_cmd
                0x200001f8       0xc0 CMakeFiles/button.dir/C_/Users/Adm/.pico-sdk/sdk/1.5.1/src/rp2_common/hardware_flash/flash.c.obj
                0x200001f8                flash_do_cmd
 *(.text*)
 .text          0x200002b8        0x4 C:/Users/Adm/.pico-sdk/toolchain/13_3_Rel1/bin/../lib/gcc/arm-none-eabi/13.3.1/thumb/v6-m/nofp\libgcc.a(_dvmd_tls.o)
                0x200002b8                __aeabi_idiv0
                0x200002b8                __aeabi_ldiv0
 *fill*         0x200002bc        0x4 
 .text.__stub   0x200002c0       0x10 linker stubs
                0x200002d0                        . = ALIGN (0x4)
 *(.rodata*)
                0x200002d0                        . = ALIGN (0x4)
 *(.data*)
 .data.striped_spin_lock_num
                0x200002d0        0x1 CMakeFiles/button.dir/C_/Users/Adm/.pico-sdk/sdk/1.5.1/src/rp2_common/hardware_sync/sync.c.obj
 *fill*         0x200002d1        0x3 
 .data          0x200002d4       0x48 CMakeFiles/button.dir/C_/Users/Adm/.pico-sdk/sdk/1.5.1/src/rp2_common/hardware_irq/irq_handler_chain.S.obj
                0x200002d4                irq_handler_chain_slots
                0x20000304                irq_handler_chain_first_slot
                0x2000030e                irq_handler_chain_remove_tail
 .data.default_alarm_pool
                0x2000031c       0x18 CMakeFiles/button.dir/C_/Users/Adm/.pico-sdk/sdk/1.5.1/src/common/pico_time/time.c.obj
 .data.default_alarm_pool_heap
                0x20000334       0x10 CMakeFiles/button.dir/C_/Users/Adm/.pico-sdk/sdk/1.5.1/src/common/pico_time/time.c.obj
 *fill*         0x20000344        0xc 
 .data.aeabi_bits_funcs
                0x20000350       0x10 CMakeFiles/button.dir/C_/Users/Adm/.pico-sdk/sdk/1.5.1/src/rp2_common/pico_bit_ops/bit_ops_aeabi.S.obj
                0x20000350                aeabi_bits_funcs
                0x20000360                aeabi_bits_funcs_end
 .data.aeabi_mem_funcs
                0x20000360       0x10 CMakeFiles/button.dir/C_/Users/Adm/.pico-sdk/sdk/1.5.1/src/rp2_common/pico_mem_ops/mem_ops_aeabi.S.obj
                0x20000360                aeabi_mem_funcs
                0x20000370                aeabi_mem_funcs_end
 .data.i2c1_inst
                0x20000370        0x8 CMakeFiles/button.dir/C_/Users/Adm/.pico-sdk/sdk/1.5.1/src/rp2_common/hardware_i2c/i2c.c.obj
                0x20000370                i2c1_inst
 .data.i2c0_inst
                0x20000378        0x8 CMakeFiles/button.dir/C_/Users/Adm/.pico-sdk/sdk/1.5.1/src/rp2_common/hardware_i2c/i2c.c.obj
                0x20000378                i2c0_inst
 .data.__malloc_sbrk_base
                0x20000380        0x4 C:/Users/Adm/.pico-sdk/toolchain/13_3_Rel1/bin/../lib/gcc/arm-none-eabi/13.3.1/thumb/v6-m/nofp\libg.a(libc_a-mallocr.o)
                0x20000380                __malloc_sbrk_base
 .data.__malloc_trim_threshold
                0x20000384        0x4 C:/Users/Adm/.pico-sdk/toolchain/13_3_Rel1/bin/../lib/gcc/arm-none-eabi/13.3.1/thumb/v6-m/nofp\libg.a(libc_a-mallocr.o)
                0x20000384                __malloc_trim_threshold
 .data.__malloc_av_
                0x20000388      0x408 C:/Users/Adm/.pico-sdk/toolchain/13_3_Rel1/bin/../lib/gcc/arm-none-eabi/13.3.1/thumb/v6-m/nofp\libg.a(libc_a-mallocr.o)
                0x20000388                __malloc_av_
 .data._impure_ptr
                0x20000790        0x4 C:/Users/Adm/.pico-sdk/toolchain/13_3_Rel1/bin/../lib/gcc/arm-none-eabi/13.3.1/thumb/v6-m/nofp\libg.a(libc_a-impure.o)
                0x20000790                _impure_ptr
 *fill*         0x20000794        0x4 
 .data._impure_data
                0x20000798      0x140 C:/Users/Adm/.pico-sdk/toolchain/13_3_Rel1/bin/../lib/gcc/arm-none-eabi/13.3.1/thumb/v6-m/nofp\libg.a(libc_a-impure.o)
                0x20000798                _impure_data
                0x200008d8                        . = ALIGN (0x4)
 *(.after_data.*)
                0x200008d8                        . = ALIGN (0x4)
                0x200008d8                        PROVIDE (__mutex_array_start = .)
 *(SORT_BY_NAME(.mutex_array.*))
 *(.mutex_array)
 .mutex_array   0x200008d8        0x8 CMakeFiles/button.dir/C_/Users/Adm/.pico-sdk/sdk/1.5.1/src/rp2_common/pico_stdio/stdio.c.obj
                0x200008e0                        PROVIDE (__mutex_array_end = .)
                0x200008e0                        . = ALIGN (0x4)
                0x200008e0                        PROVIDE (__preinit_array_start = .)
 *(SORT_BY_NAME(.preinit_array.*))
 .preinit_array.00001
                0x200008e0        0x4 CMakeFiles/button.dir/C_/Users/Adm/.pico-sdk/sdk/1.5.1/src/rp2_common/pico_mem_ops/mem_ops_aeabi.S.obj
 .preinit_array.00010
                0x200008e4        0x4 CMakeFiles/button.dir/C_/Users/Adm/.pico-sdk/sdk/1.5.1/src/rp2_common/pico_bit_ops/bit_ops_aeabi.S.obj
 .preinit_array.00020
                0x200008e8        0x4 CMakeFiles/button.dir/C_/Users/Adm/.pico-sdk/sdk/1.5.1/src/rp2_common/pico_double/double_aeabi.S.obj
 .preinit_array.00020
                0x200008ec        0x4 CMakeFiles/button.dir/C_/Users/Adm/.pico-sdk/sdk/1.5.1/src/rp2_common/pico_float/float_aeabi.S.obj
 *(.preinit_array)
                0x200008f0                        PROVIDE (__preinit_array_end = .)
                0x200008f0                        . = ALIGN (0x4)
                0x200008f0                        PROVIDE (__init_array_start = .)
 *(SORT_BY_NAME(.init_array.*))
 *(.init_array)
 .init_array    0x200008f0        0x4 C:/Users/Adm/.pico-sdk/toolchain/13_3_Rel1/bin/../lib/gcc/arm-none-eabi/13.3.1/thumb/v6-m/nofp/crtbegin.o
 .init_array    0x200008f4        0x4 CMakeFiles/button.dir/C_/Users/Adm/.pico-sdk/sdk/1.5.1/src/rp2_common/pico_unique_id/unique_id.c.obj
                0x200008f8                        PROVIDE (__init_array_end = .)
                0x200008f8                        . = ALIGN (0x4)
                [!provide]                        PROVIDE (__fini_array_start = .)
 *(SORT_BY_NAME(.fini_array.*))
 *(.fini_array)
                [!provide]                        PROVIDE (__fini_array_end = .)
 *(.jcr)
                0x200008f8                        . = ALIGN (0x4)
                0x200008f8                        __data_end__ = .
                0x10004124                        __etext = LOADADDR (.data)

.tm_clone_table
                0x200008f8        0x0 load address 0x1000495c
 .tm_clone_table
                0x200008f8        0x0 C:/Users/Adm/.pico-sdk/toolchain/13_3_Rel1/bin/../lib/gcc/arm-none-eabi/13.3.1/thumb/v6-m/nofp/crtbegin.o
 .tm_clone_table
                0x200008f8        0x0 C:/Users/Adm/.pico-sdk/toolchain/13_3_Rel1/bin/../lib/gcc/arm-none-eabi/13.3.1/thumb/v6-m/nofp/crtend.o

.igot.plt       0x200008f8        0x0 load address 0x1000495c
 .igot.plt      0x200008f8        0x0 C:/Users/Adm/.pico-sdk/toolchain/13_3_Rel1/bin/../lib/gcc/arm-none-eabi/13.3.1/thumb/v6-m/nofp/crtbegin.o

.uninitialized_data
                0x200008f8        0x0 load address 0x1000495c
                0x200008f8                        . = ALIGN (0x4)
 *(.uninitialized_data*)

.scratch_x      0x20040000        0x0 load address 0x1000495c
                0x20040000                        __scratch_x_start__ = .
 *(.scratch_x.*)
                0x20040000                        . = ALIGN (0x4)
                0x20040000                        __scratch_x_end__ = .
                0x1000495c                        __scratch_x_source__ = LOADADDR (.scratch_x)

.scratch_y      0x20041000        0x0 load address 0x1000495c
                0x20041000                        __scratch_y_start__ = .
 *(.scratch_y.*)
                0x20041000                        . = ALIGN (0x4)
                0x20041000                        __scratch_y_end__ = .
                0x1000495c                        __scratch_y_source__ = LOADADDR (.scratch_y)

.bss            0x200008f8      0x654
                0x200008f8                        . = ALIGN (0x4)
                0x200008f8                        __bss_start__ = .
 *(SORT_BY_ALIGNMENT(SORT_BY_NAME(.bss*)))
 .bss.configured_freq
                0x200008f8       0x28 CMakeFiles/button.dir/C_/Users/Adm/.pico-sdk/sdk/1.5.1/src/rp2_common/hardware_clocks/clocks.c.obj
 .bss.default_alarm_pool_entries
                0x20000920      0x100 CMakeFiles/button.dir/C_/Users/Adm/.pico-sdk/sdk/1.5.1/src/common/pico_time/time.c.obj
 .bss.sd_table  0x20000a20      0x100 CMakeFiles/button.dir/C_/Users/Adm/.pico-sdk/sdk/1.5.1/src/rp2_common/pico_double/double_init_rom.c.obj
                0x20000a20                sd_table
 .bss.__lock___malloc_recursive_mutex
                0x20000b20        0x1 C:/Users/Adm/.pico-sdk/toolchain/13_3_Rel1/bin/../lib/gcc/arm-none-eabi/13.3.1/thumb/v6-m/nofp\libg.a(libc_a-lock.o)
                0x20000b20                __lock___malloc_recursive_mutex
 *fill*         0x20000b21        0x3 
 .bss.__malloc_current_mallinfo
                0x20000b24       0x28 C:/Users/Adm/.pico-sdk/toolchain/13_3_Rel1/bin/../lib/gcc/arm-none-eabi/13.3.1/thumb/v6-m/nofp\libg.a(libc_a-mallocr.o)
                0x20000b24                __malloc_current_mallinfo
 .bss.__malloc_max_sbrked_mem
                0x20000b4c        0x4 C:/Users/Adm/.pico-sdk/toolchain/13_3_Rel1/bin/../lib/gcc/arm-none-eabi/13.3.1/thumb/v6-m/nofp\libg.a(libc_a-mallocr.o)
                0x20000b4c                __malloc_max_sbrked_mem
 .bss.__malloc_max_total_mem
                0x20000b50        0x4 C:/Users/Adm/.pico-sdk/toolchain/13_3_Rel1/bin/../lib/gcc/arm-none-eabi/13.3.1/thumb/v6-m/nofp\libg.a(libc_a-mallocr.o)
                0x20000b50                __malloc_max_total_mem
 .bss.__malloc_top_pad
                0x20000b54        0x4 C:/Users/Adm/.pico-sdk/toolchain/13_3_Rel1/bin/../lib/gcc/arm-none-eabi/13.3.1/thumb/v6-m/nofp\libg.a(libc_a-mallocr.o)
                0x20000b54                __malloc_top_pad
 .bss.__sf      0x20000b58      0x138 C:/Users/Adm/.pico-sdk/toolchain/13_3_Rel1/bin/../lib/gcc/arm-none-eabi/13.3.1/thumb/v6-m/nofp\libg.a(libc_a-findfp.o)
                0x20000b58                __sf
 .bss.adicao    0x20000c90        0x4 CMakeFiles/button.dir/button.c.obj
                0x20000c90                adicao
 .bss.adicao2   0x20000c94        0x4 CMakeFiles/button.dir/button.c.obj
                0x20000c94                adicao2
 .bss.alarm_callbacks
                0x20000c98       0x10 CMakeFiles/button.dir/C_/Users/Adm/.pico-sdk/sdk/1.5.1/src/rp2_common/hardware_timer/timer.c.obj
 .bss.boot2_copyout
                0x20000ca8      0x100 CMakeFiles/button.dir/C_/Users/Adm/.pico-sdk/sdk/1.5.1/src/rp2_common/hardware_flash/flash.c.obj
 .bss.default_alarm_pool_entry_ids_high
                0x20000da8       0x10 CMakeFiles/button.dir/C_/Users/Adm/.pico-sdk/sdk/1.5.1/src/common/pico_time/time.c.obj
 .bss.default_alarm_pool_heap_nodes
                0x20000db8       0x30 CMakeFiles/button.dir/C_/Users/Adm/.pico-sdk/sdk/1.5.1/src/common/pico_time/time.c.obj
 .bss.drivers   0x20000de8        0x4 CMakeFiles/button.dir/C_/Users/Adm/.pico-sdk/sdk/1.5.1/src/rp2_common/pico_stdio/stdio.c.obj
 .bss.errno     0x20000dec        0x4 C:/Users/Adm/.pico-sdk/toolchain/13_3_Rel1/bin/../lib/gcc/arm-none-eabi/13.3.1/thumb/v6-m/nofp\libg.a(libc_a-reent.o)
                0x20000dec                errno
 .bss.filter    0x20000df0        0x4 CMakeFiles/button.dir/C_/Users/Adm/.pico-sdk/sdk/1.5.1/src/rp2_common/pico_stdio/stdio.c.obj
 .bss.heap_end.0
                0x20000df4        0x4 CMakeFiles/button.dir/C_/Users/Adm/.pico-sdk/sdk/1.5.1/src/rp2_common/pico_runtime/runtime.c.obj
 .bss.lazy_vsnprintf
                0x20000df8        0x4 CMakeFiles/button.dir/C_/Users/Adm/.pico-sdk/sdk/1.5.1/src/rp2_common/pico_printf/printf.c.obj
 .bss.object.0  0x20000dfc       0x18 C:/Users/Adm/.pico-sdk/toolchain/13_3_Rel1/bin/../lib/gcc/arm-none-eabi/13.3.1/thumb/v6-m/nofp/crtbegin.o
 .bss.pools     0x20000e14       0x10 CMakeFiles/button.dir/C_/Users/Adm/.pico-sdk/sdk/1.5.1/src/common/pico_time/time.c.obj
 .bss.retrieved_id
                0x20000e24        0x8 CMakeFiles/button.dir/C_/Users/Adm/.pico-sdk/sdk/1.5.1/src/rp2_common/pico_unique_id/unique_id.c.obj
 .bss.sf_clz_func
                0x20000e2c        0x4 CMakeFiles/button.dir/C_/Users/Adm/.pico-sdk/sdk/1.5.1/src/rp2_common/pico_double/double_init_rom.c.obj
                0x20000e2c                sf_clz_func
 .bss.sf_table  0x20000e30      0x100 CMakeFiles/button.dir/C_/Users/Adm/.pico-sdk/sdk/1.5.1/src/rp2_common/pico_float/float_init_rom.c.obj
                0x20000e30                sf_table
 .bss.sleep_notifier
                0x20000f30        0x4 CMakeFiles/button.dir/C_/Users/Adm/.pico-sdk/sdk/1.5.1/src/common/pico_time/time.c.obj
 .bss.target_hi
                0x20000f34       0x10 CMakeFiles/button.dir/C_/Users/Adm/.pico-sdk/sdk/1.5.1/src/rp2_common/hardware_timer/timer.c.obj
 .bss._claimed  0x20000f44        0x2 CMakeFiles/button.dir/C_/Users/Adm/.pico-sdk/sdk/1.5.1/src/rp2_common/hardware_dma/dma.c.obj
 .bss.boot2_copyout_valid
                0x20000f46        0x1 CMakeFiles/button.dir/C_/Users/Adm/.pico-sdk/sdk/1.5.1/src/rp2_common/hardware_flash/flash.c.obj
 .bss.claimed   0x20000f47        0x1 CMakeFiles/button.dir/C_/Users/Adm/.pico-sdk/sdk/1.5.1/src/rp2_common/hardware_timer/timer.c.obj
 .bss.irq_hander_chain_free_slot_head
                0x20000f48        0x1 CMakeFiles/button.dir/C_/Users/Adm/.pico-sdk/sdk/1.5.1/src/rp2_common/hardware_irq/irq.c.obj
 .bss.timer_callbacks_pending
                0x20000f49        0x1 CMakeFiles/button.dir/C_/Users/Adm/.pico-sdk/sdk/1.5.1/src/rp2_common/hardware_timer/timer.c.obj
 *(COMMON)
                0x20000f4c                        . = ALIGN (0x4)
 *fill*         0x20000f4a        0x2 
                0x20000f4c                        __bss_end__ = .

.heap           0x20000f4c      0x800
                0x20000f4c                        __end__ = .
                0x20000f4c                        end = __end__
 *(.heap*)
 .heap          0x20000f4c      0x800 CMakeFiles/button.dir/C_/Users/Adm/.pico-sdk/sdk/1.5.1/src/rp2_common/pico_standard_link/crt0.S.obj
                0x2000174c                        __HeapLimit = .

.stack1_dummy
 *(.stack1*)

.stack_dummy    0x20041000      0x800
 *(.stack*)
 .stack         0x20041000      0x800 CMakeFiles/button.dir/C_/Users/Adm/.pico-sdk/sdk/1.5.1/src/rp2_common/pico_standard_link/crt0.S.obj

.flash_end      0x1000495c        0x0
                0x1000495c                        PROVIDE (__flash_binary_end = .)
                0x20040000                        __StackLimit = (ORIGIN (RAM) + LENGTH (RAM))
                0x20041000                        __StackOneTop = (ORIGIN (SCRATCH_X) + LENGTH (SCRATCH_X))
                0x20042000                        __StackTop = (ORIGIN (SCRATCH_Y) + LENGTH (SCRATCH_Y))
                0x20041000                        __StackOneBottom = (__StackOneTop - SIZEOF (.stack1_dummy))
                0x20041800                        __StackBottom = (__StackTop - SIZEOF (.stack_dummy))
                0x20042000                        PROVIDE (__stack = __StackTop)
                0x00000001                        ASSERT ((__StackLimit >= __HeapLimit), region RAM overflowed)
                0x00000001                        ASSERT (((__binary_info_header_end - __logical_binary_start) <= 0x100), Binary info must be in first 256 bytes of the binary)
LOAD CMakeFiles/button.dir/button.c.obj
LOAD CMakeFiles/button.dir/inc/ssd1306_i2c.c.obj
LOAD CMakeFiles/button.dir/C_/Users/Adm/.pico-sdk/sdk/1.5.1/src/rp2_common/pico_stdlib/stdlib.c.obj
LOAD CMakeFiles/button.dir/C_/Users/Adm/.pico-sdk/sdk/1.5.1/src/rp2_common/hardware_gpio/gpio.c.obj
LOAD CMakeFiles/button.dir/C_/Users/Adm/.pico-sdk/sdk/1.5.1/src/rp2_common/pico_platform/platform.c.obj
LOAD CMakeFiles/button.dir/C_/Users/Adm/.pico-sdk/sdk/1.5.1/src/rp2_common/hardware_claim/claim.c.obj
LOAD CMakeFiles/button.dir/C_/Users/Adm/.pico-sdk/sdk/1.5.1/src/rp2_common/hardware_sync/sync.c.obj
LOAD CMakeFiles/button.dir/C_/Users/Adm/.pico-sdk/sdk/1.5.1/src/rp2_common/hardware_irq/irq.c.obj
LOAD CMakeFiles/button.dir/C_/Users/Adm/.pico-sdk/sdk/1.5.1/src/rp2_common/hardware_irq/irq_handler_chain.S.obj
LOAD CMakeFiles/button.dir/C_/Users/Adm/.pico-sdk/sdk/1.5.1/src/common/pico_sync/sem.c.obj
LOAD CMakeFiles/button.dir/C_/Users/Adm/.pico-sdk/sdk/1.5.1/src/common/pico_sync/lock_core.c.obj
LOAD CMakeFiles/button.dir/C_/Users/Adm/.pico-sdk/sdk/1.5.1/src/common/pico_sync/mutex.c.obj
LOAD CMakeFiles/button.dir/C_/Users/Adm/.pico-sdk/sdk/1.5.1/src/common/pico_sync/critical_section.c.obj
LOAD CMakeFiles/button.dir/C_/Users/Adm/.pico-sdk/sdk/1.5.1/src/common/pico_time/time.c.obj
LOAD CMakeFiles/button.dir/C_/Users/Adm/.pico-sdk/sdk/1.5.1/src/common/pico_time/timeout_helper.c.obj
LOAD CMakeFiles/button.dir/C_/Users/Adm/.pico-sdk/sdk/1.5.1/src/rp2_common/hardware_timer/timer.c.obj
LOAD CMakeFiles/button.dir/C_/Users/Adm/.pico-sdk/sdk/1.5.1/src/common/pico_util/datetime.c.obj
LOAD CMakeFiles/button.dir/C_/Users/Adm/.pico-sdk/sdk/1.5.1/src/common/pico_util/pheap.c.obj
LOAD CMakeFiles/button.dir/C_/Users/Adm/.pico-sdk/sdk/1.5.1/src/common/pico_util/queue.c.obj
LOAD CMakeFiles/button.dir/C_/Users/Adm/.pico-sdk/sdk/1.5.1/src/rp2_common/hardware_uart/uart.c.obj
LOAD CMakeFiles/button.dir/C_/Users/Adm/.pico-sdk/sdk/1.5.1/src/rp2_common/hardware_clocks/clocks.c.obj
LOAD CMakeFiles/button.dir/C_/Users/Adm/.pico-sdk/sdk/1.5.1/src/rp2_common/hardware_pll/pll.c.obj
LOAD CMakeFiles/button.dir/C_/Users/Adm/.pico-sdk/sdk/1.5.1/src/rp2_common/hardware_vreg/vreg.c.obj
LOAD CMakeFiles/button.dir/C_/Users/Adm/.pico-sdk/sdk/1.5.1/src/rp2_common/hardware_watchdog/watchdog.c.obj
LOAD CMakeFiles/button.dir/C_/Users/Adm/.pico-sdk/sdk/1.5.1/src/rp2_common/hardware_xosc/xosc.c.obj
LOAD CMakeFiles/button.dir/C_/Users/Adm/.pico-sdk/sdk/1.5.1/src/rp2_common/hardware_divider/divider.S.obj
LOAD CMakeFiles/button.dir/C_/Users/Adm/.pico-sdk/sdk/1.5.1/src/rp2_common/pico_runtime/runtime.c.obj
LOAD CMakeFiles/button.dir/C_/Users/Adm/.pico-sdk/sdk/1.5.1/src/rp2_common/pico_printf/printf.c.obj
LOAD CMakeFiles/button.dir/C_/Users/Adm/.pico-sdk/sdk/1.5.1/src/rp2_common/pico_bit_ops/bit_ops_aeabi.S.obj
LOAD CMakeFiles/button.dir/C_/Users/Adm/.pico-sdk/sdk/1.5.1/src/rp2_common/pico_bootrom/bootrom.c.obj
LOAD CMakeFiles/button.dir/C_/Users/Adm/.pico-sdk/sdk/1.5.1/src/rp2_common/pico_divider/divider.S.obj
LOAD CMakeFiles/button.dir/C_/Users/Adm/.pico-sdk/sdk/1.5.1/src/rp2_common/pico_double/double_aeabi.S.obj
LOAD CMakeFiles/button.dir/C_/Users/Adm/.pico-sdk/sdk/1.5.1/src/rp2_common/pico_double/double_init_rom.c.obj
LOAD CMakeFiles/button.dir/C_/Users/Adm/.pico-sdk/sdk/1.5.1/src/rp2_common/pico_double/double_math.c.obj
LOAD CMakeFiles/button.dir/C_/Users/Adm/.pico-sdk/sdk/1.5.1/src/rp2_common/pico_double/double_v1_rom_shim.S.obj
LOAD CMakeFiles/button.dir/C_/Users/Adm/.pico-sdk/sdk/1.5.1/src/rp2_common/pico_int64_ops/pico_int64_ops_aeabi.S.obj
LOAD CMakeFiles/button.dir/C_/Users/Adm/.pico-sdk/sdk/1.5.1/src/rp2_common/pico_float/float_aeabi.S.obj
LOAD CMakeFiles/button.dir/C_/Users/Adm/.pico-sdk/sdk/1.5.1/src/rp2_common/pico_float/float_init_rom.c.obj
LOAD CMakeFiles/button.dir/C_/Users/Adm/.pico-sdk/sdk/1.5.1/src/rp2_common/pico_float/float_math.c.obj
LOAD CMakeFiles/button.dir/C_/Users/Adm/.pico-sdk/sdk/1.5.1/src/rp2_common/pico_float/float_v1_rom_shim.S.obj
LOAD CMakeFiles/button.dir/C_/Users/Adm/.pico-sdk/sdk/1.5.1/src/rp2_common/pico_malloc/pico_malloc.c.obj
LOAD CMakeFiles/button.dir/C_/Users/Adm/.pico-sdk/sdk/1.5.1/src/rp2_common/pico_mem_ops/mem_ops_aeabi.S.obj
LOAD CMakeFiles/button.dir/C_/Users/Adm/.pico-sdk/sdk/1.5.1/src/rp2_common/pico_standard_link/crt0.S.obj
LOAD CMakeFiles/button.dir/C_/Users/Adm/.pico-sdk/sdk/1.5.1/src/rp2_common/pico_standard_link/new_delete.cpp.obj
LOAD CMakeFiles/button.dir/C_/Users/Adm/.pico-sdk/sdk/1.5.1/src/rp2_common/pico_standard_link/binary_info.c.obj
LOAD CMakeFiles/button.dir/C_/Users/Adm/.pico-sdk/sdk/1.5.1/src/rp2_common/pico_stdio/stdio.c.obj
LOAD CMakeFiles/button.dir/C_/Users/Adm/.pico-sdk/sdk/1.5.1/src/rp2_common/pico_stdio_usb/reset_interface.c.obj
LOAD CMakeFiles/button.dir/C_/Users/Adm/.pico-sdk/sdk/1.5.1/src/rp2_common/pico_stdio_usb/stdio_usb.c.obj
LOAD CMakeFiles/button.dir/C_/Users/Adm/.pico-sdk/sdk/1.5.1/src/rp2_common/pico_stdio_usb/stdio_usb_descriptors.c.obj
LOAD CMakeFiles/button.dir/C_/Users/Adm/.pico-sdk/sdk/1.5.1/src/rp2_common/pico_unique_id/unique_id.c.obj
LOAD CMakeFiles/button.dir/C_/Users/Adm/.pico-sdk/sdk/1.5.1/src/rp2_common/hardware_flash/flash.c.obj
LOAD CMakeFiles/button.dir/C_/Users/Adm/.pico-sdk/sdk/1.5.1/lib/tinyusb/src/portable/raspberrypi/rp2040/dcd_rp2040.c.obj
LOAD CMakeFiles/button.dir/C_/Users/Adm/.pico-sdk/sdk/1.5.1/lib/tinyusb/src/portable/raspberrypi/rp2040/rp2040_usb.c.obj
LOAD CMakeFiles/button.dir/C_/Users/Adm/.pico-sdk/sdk/1.5.1/lib/tinyusb/src/device/usbd.c.obj
LOAD CMakeFiles/button.dir/C_/Users/Adm/.pico-sdk/sdk/1.5.1/lib/tinyusb/src/device/usbd_control.c.obj
LOAD CMakeFiles/button.dir/C_/Users/Adm/.pico-sdk/sdk/1.5.1/lib/tinyusb/src/class/audio/audio_device.c.obj
LOAD CMakeFiles/button.dir/C_/Users/Adm/.pico-sdk/sdk/1.5.1/lib/tinyusb/src/class/cdc/cdc_device.c.obj
LOAD CMakeFiles/button.dir/C_/Users/Adm/.pico-sdk/sdk/1.5.1/lib/tinyusb/src/class/dfu/dfu_device.c.obj
LOAD CMakeFiles/button.dir/C_/Users/Adm/.pico-sdk/sdk/1.5.1/lib/tinyusb/src/class/dfu/dfu_rt_device.c.obj
LOAD CMakeFiles/button.dir/C_/Users/Adm/.pico-sdk/sdk/1.5.1/lib/tinyusb/src/class/hid/hid_device.c.obj
LOAD CMakeFiles/button.dir/C_/Users/Adm/.pico-sdk/sdk/1.5.1/lib/tinyusb/src/class/midi/midi_device.c.obj
LOAD CMakeFiles/button.dir/C_/Users/Adm/.pico-sdk/sdk/1.5.1/lib/tinyusb/src/class/msc/msc_device.c.obj
LOAD CMakeFiles/button.dir/C_/Users/Adm/.pico-sdk/sdk/1.5.1/lib/tinyusb/src/class/net/ecm_rndis_device.c.obj
LOAD CMakeFiles/button.dir/C_/Users/Adm/.pico-sdk/sdk/1.5.1/lib/tinyusb/src/class/net/ncm_device.c.obj
LOAD CMakeFiles/button.dir/C_/Users/Adm/.pico-sdk/sdk/1.5.1/lib/tinyusb/src/class/usbtmc/usbtmc_device.c.obj
LOAD CMakeFiles/button.dir/C_/Users/Adm/.pico-sdk/sdk/1.5.1/lib/tinyusb/src/class/vendor/vendor_device.c.obj
LOAD CMakeFiles/button.dir/C_/Users/Adm/.pico-sdk/sdk/1.5.1/lib/tinyusb/src/class/video/video_device.c.obj
LOAD CMakeFiles/button.dir/C_/Users/Adm/.pico-sdk/sdk/1.5.1/lib/tinyusb/src/tusb.c.obj
LOAD CMakeFiles/button.dir/C_/Users/Adm/.pico-sdk/sdk/1.5.1/lib/tinyusb/src/common/tusb_fifo.c.obj
LOAD CMakeFiles/button.dir/C_/Users/Adm/.pico-sdk/sdk/1.5.1/src/rp2_common/pico_fix/rp2040_usb_device_enumeration/rp2040_usb_device_enumeration.c.obj
LOAD CMakeFiles/button.dir/C_/Users/Adm/.pico-sdk/sdk/1.5.1/src/rp2_common/hardware_adc/adc.c.obj
LOAD CMakeFiles/button.dir/C_/Users/Adm/.pico-sdk/sdk/1.5.1/src/rp2_common/hardware_dma/dma.c.obj
LOAD CMakeFiles/button.dir/C_/Users/Adm/.pico-sdk/sdk/1.5.1/src/rp2_common/hardware_i2c/i2c.c.obj
LOAD C:\Users\Adm\AppData\Local\Temp\ccCkx77O.o
LOAD C:/Users/Adm/.pico-sdk/toolchain/13_3_Rel1/bin/../lib/gcc/arm-none-eabi/13.3.1/thumb/v6-m/nofp\libstdc++.a
LOAD C:/Users/Adm/.pico-sdk/toolchain/13_3_Rel1/bin/../lib/gcc/arm-none-eabi/13.3.1/thumb/v6-m/nofp\libm.a
START GROUP
LOAD C:/Users/Adm/.pico-sdk/toolchain/13_3_Rel1/bin/../lib/gcc/arm-none-eabi/13.3.1/thumb/v6-m/nofp\libgcc.a
LOAD C:/Users/Adm/.pico-sdk/toolchain/13_3_Rel1/bin/../lib/gcc/arm-none-eabi/13.3.1/thumb/v6-m/nofp\libg.a
LOAD C:/Users/Adm/.pico-sdk/toolchain/13_3_Rel1/bin/../lib/gcc/arm-none-eabi/13.3.1/thumb/v6-m/nofp\libc.a
END GROUP
START GROUP
LOAD C:/Users/Adm/.pico-sdk/toolchain/13_3_Rel1/bin/../lib/gcc/arm-none-eabi/13.3.1/thumb/v6-m/nofp\libgcc.a
LOAD C:/Users/Adm/.pico-sdk/toolchain/13_3_Rel1/bin/../lib/gcc/arm-none-eabi/13.3.1/thumb/v6-m/nofp\libc.a
LOAD C:/Users/Adm/.pico-sdk/toolchain/13_3_Rel1/bin/../lib/gcc/arm-none-eabi/13.3.1/thumb/v6-m/nofp\libnosys.a
END GROUP
LOAD C:/Users/Adm/.pico-sdk/toolchain/13_3_Rel1/bin/../lib/gcc/arm-none-eabi/13.3.1/thumb/v6-m/nofp/crtend.o
LOAD C:/Users/Adm/.pico-sdk/toolchain/13_3_Rel1/bin/../lib/gcc/arm-none-eabi/13.3.1/thumb/v6-m/nofp/crtn.o
OUTPUT(button.elf elf32-littlearm)
LOAD linker stubs

.ARM.attributes
                0x00000000       0x28
 .ARM.attributes
                0x00000000       0x1e C:/Users/Adm/.pico-sdk/toolchain/13_3_Rel1/bin/../lib/gcc/arm-none-eabi/13.3.1/thumb/v6-m/nofp/crti.o
 .ARM.attributes
                0x0000001e       0x2c C:/Users/Adm/.pico-sdk/toolchain/13_3_Rel1/bin/../lib/gcc/arm-none-eabi/13.3.1/thumb/v6-m/nofp/crtbegin.o
 .ARM.attributes
                0x0000004a       0x2c CMakeFiles/button.dir/button.c.obj
 .ARM.attributes
                0x00000076       0x2c CMakeFiles/button.dir/inc/ssd1306_i2c.c.obj
 .ARM.attributes
                0x000000a2       0x2c CMakeFiles/button.dir/C_/Users/Adm/.pico-sdk/sdk/1.5.1/src/rp2_common/hardware_gpio/gpio.c.obj
 .ARM.attributes
                0x000000ce       0x2c CMakeFiles/button.dir/C_/Users/Adm/.pico-sdk/sdk/1.5.1/src/rp2_common/pico_platform/platform.c.obj
 .ARM.attributes
                0x000000fa       0x2c CMakeFiles/button.dir/C_/Users/Adm/.pico-sdk/sdk/1.5.1/src/rp2_common/hardware_claim/claim.c.obj
 .ARM.attributes
                0x00000126       0x2c CMakeFiles/button.dir/C_/Users/Adm/.pico-sdk/sdk/1.5.1/src/rp2_common/hardware_sync/sync.c.obj
 .ARM.attributes
                0x00000152       0x2c CMakeFiles/button.dir/C_/Users/Adm/.pico-sdk/sdk/1.5.1/src/rp2_common/hardware_irq/irq.c.obj
 .ARM.attributes
                0x0000017e       0x22 CMakeFiles/button.dir/C_/Users/Adm/.pico-sdk/sdk/1.5.1/src/rp2_common/hardware_irq/irq_handler_chain.S.obj
 .ARM.attributes
                0x000001a0       0x2c CMakeFiles/button.dir/C_/Users/Adm/.pico-sdk/sdk/1.5.1/src/common/pico_sync/lock_core.c.obj
 .ARM.attributes
                0x000001cc       0x2c CMakeFiles/button.dir/C_/Users/Adm/.pico-sdk/sdk/1.5.1/src/common/pico_sync/mutex.c.obj
 .ARM.attributes
                0x000001f8       0x2c CMakeFiles/button.dir/C_/Users/Adm/.pico-sdk/sdk/1.5.1/src/common/pico_time/time.c.obj
 .ARM.attributes
                0x00000224       0x2c CMakeFiles/button.dir/C_/Users/Adm/.pico-sdk/sdk/1.5.1/src/rp2_common/hardware_timer/timer.c.obj
 .ARM.attributes
                0x00000250       0x2c CMakeFiles/button.dir/C_/Users/Adm/.pico-sdk/sdk/1.5.1/src/common/pico_util/pheap.c.obj
 .ARM.attributes
                0x0000027c       0x2c CMakeFiles/button.dir/C_/Users/Adm/.pico-sdk/sdk/1.5.1/src/rp2_common/hardware_clocks/clocks.c.obj
 .ARM.attributes
                0x000002a8       0x2c CMakeFiles/button.dir/C_/Users/Adm/.pico-sdk/sdk/1.5.1/src/rp2_common/hardware_pll/pll.c.obj
 .ARM.attributes
                0x000002d4       0x2c CMakeFiles/button.dir/C_/Users/Adm/.pico-sdk/sdk/1.5.1/src/rp2_common/hardware_watchdog/watchdog.c.obj
 .ARM.attributes
                0x00000300       0x2c CMakeFiles/button.dir/C_/Users/Adm/.pico-sdk/sdk/1.5.1/src/rp2_common/hardware_xosc/xosc.c.obj
 .ARM.attributes
                0x0000032c       0x2c CMakeFiles/button.dir/C_/Users/Adm/.pico-sdk/sdk/1.5.1/src/rp2_common/pico_runtime/runtime.c.obj
 .ARM.attributes
                0x00000358       0x2c CMakeFiles/button.dir/C_/Users/Adm/.pico-sdk/sdk/1.5.1/src/rp2_common/pico_printf/printf.c.obj
 .ARM.attributes
                0x00000384       0x22 CMakeFiles/button.dir/C_/Users/Adm/.pico-sdk/sdk/1.5.1/src/rp2_common/pico_bit_ops/bit_ops_aeabi.S.obj
 .ARM.attributes
                0x000003a6       0x2c CMakeFiles/button.dir/C_/Users/Adm/.pico-sdk/sdk/1.5.1/src/rp2_common/pico_bootrom/bootrom.c.obj
 .ARM.attributes
                0x000003d2       0x22 CMakeFiles/button.dir/C_/Users/Adm/.pico-sdk/sdk/1.5.1/src/rp2_common/pico_divider/divider.S.obj
 .ARM.attributes
                0x000003f4       0x22 CMakeFiles/button.dir/C_/Users/Adm/.pico-sdk/sdk/1.5.1/src/rp2_common/pico_double/double_aeabi.S.obj
 .ARM.attributes
                0x00000416       0x2c CMakeFiles/button.dir/C_/Users/Adm/.pico-sdk/sdk/1.5.1/src/rp2_common/pico_double/double_init_rom.c.obj
 .ARM.attributes
                0x00000442       0x22 CMakeFiles/button.dir/C_/Users/Adm/.pico-sdk/sdk/1.5.1/src/rp2_common/pico_double/double_v1_rom_shim.S.obj
 .ARM.attributes
                0x00000464       0x22 CMakeFiles/button.dir/C_/Users/Adm/.pico-sdk/sdk/1.5.1/src/rp2_common/pico_int64_ops/pico_int64_ops_aeabi.S.obj
 .ARM.attributes
                0x00000486       0x22 CMakeFiles/button.dir/C_/Users/Adm/.pico-sdk/sdk/1.5.1/src/rp2_common/pico_float/float_aeabi.S.obj
 .ARM.attributes
                0x000004a8       0x2c CMakeFiles/button.dir/C_/Users/Adm/.pico-sdk/sdk/1.5.1/src/rp2_common/pico_float/float_init_rom.c.obj
 .ARM.attributes
                0x000004d4       0x2c CMakeFiles/button.dir/C_/Users/Adm/.pico-sdk/sdk/1.5.1/src/rp2_common/pico_malloc/pico_malloc.c.obj
 .ARM.attributes
                0x00000500       0x22 CMakeFiles/button.dir/C_/Users/Adm/.pico-sdk/sdk/1.5.1/src/rp2_common/pico_mem_ops/mem_ops_aeabi.S.obj
 .ARM.attributes
                0x00000522       0x22 CMakeFiles/button.dir/C_/Users/Adm/.pico-sdk/sdk/1.5.1/src/rp2_common/pico_standard_link/crt0.S.obj
 .ARM.attributes
                0x00000544       0x2c CMakeFiles/button.dir/C_/Users/Adm/.pico-sdk/sdk/1.5.1/src/rp2_common/pico_standard_link/binary_info.c.obj
 .ARM.attributes
                0x00000570       0x2c CMakeFiles/button.dir/C_/Users/Adm/.pico-sdk/sdk/1.5.1/src/rp2_common/pico_stdio/stdio.c.obj
 .ARM.attributes
                0x0000059c       0x2c CMakeFiles/button.dir/C_/Users/Adm/.pico-sdk/sdk/1.5.1/src/rp2_common/pico_unique_id/unique_id.c.obj
 .ARM.attributes
                0x000005c8       0x2c CMakeFiles/button.dir/C_/Users/Adm/.pico-sdk/sdk/1.5.1/src/rp2_common/hardware_flash/flash.c.obj
 .ARM.attributes
                0x000005f4       0x2c CMakeFiles/button.dir/C_/Users/Adm/.pico-sdk/sdk/1.5.1/src/rp2_common/hardware_dma/dma.c.obj
 .ARM.attributes
                0x00000620       0x2c CMakeFiles/button.dir/C_/Users/Adm/.pico-sdk/sdk/1.5.1/src/rp2_common/hardware_i2c/i2c.c.obj
 .ARM.attributes
                0x0000064c       0x22 C:\Users\Adm\AppData\Local\Temp\ccCkx77O.o
 .ARM.attributes
                0x0000066e       0x1e C:/Users/Adm/.pico-sdk/toolchain/13_3_Rel1/bin/../lib/gcc/arm-none-eabi/13.3.1/thumb/v6-m/nofp\libgcc.a(_dvmd_tls.o)
 .ARM.attributes
                0x0000068c       0x2c C:/Users/Adm/.pico-sdk/toolchain/13_3_Rel1/bin/../lib/gcc/arm-none-eabi/13.3.1/thumb/v6-m/nofp\libg.a(libc_a-itoa.o)
 .ARM.attributes
                0x000006b8       0x2c C:/Users/Adm/.pico-sdk/toolchain/13_3_Rel1/bin/../lib/gcc/arm-none-eabi/13.3.1/thumb/v6-m/nofp\libg.a(libc_a-malloc.o)
 .ARM.attributes
                0x000006e4       0x2c C:/Users/Adm/.pico-sdk/toolchain/13_3_Rel1/bin/../lib/gcc/arm-none-eabi/13.3.1/thumb/v6-m/nofp\libg.a(libc_a-mallocr.o)
 .ARM.attributes
                0x00000710       0x2c C:/Users/Adm/.pico-sdk/toolchain/13_3_Rel1/bin/../lib/gcc/arm-none-eabi/13.3.1/thumb/v6-m/nofp\libg.a(libc_a-mlock.o)
 .ARM.attributes
                0x0000073c       0x2c C:/Users/Adm/.pico-sdk/toolchain/13_3_Rel1/bin/../lib/gcc/arm-none-eabi/13.3.1/thumb/v6-m/nofp\libg.a(libc_a-utoa.o)
 .ARM.attributes
                0x00000768       0x2c C:/Users/Adm/.pico-sdk/toolchain/13_3_Rel1/bin/../lib/gcc/arm-none-eabi/13.3.1/thumb/v6-m/nofp\libg.a(libc_a-ctype_.o)
 .ARM.attributes
                0x00000794       0x2c C:/Users/Adm/.pico-sdk/toolchain/13_3_Rel1/bin/../lib/gcc/arm-none-eabi/13.3.1/thumb/v6-m/nofp\libg.a(libc_a-strncpy.o)
 .ARM.attributes
                0x000007c0       0x2c C:/Users/Adm/.pico-sdk/toolchain/13_3_Rel1/bin/../lib/gcc/arm-none-eabi/13.3.1/thumb/v6-m/nofp\libg.a(libc_a-strtok.o)
 .ARM.attributes
                0x000007ec       0x2c C:/Users/Adm/.pico-sdk/toolchain/13_3_Rel1/bin/../lib/gcc/arm-none-eabi/13.3.1/thumb/v6-m/nofp\libg.a(libc_a-strtok_r.o)
 .ARM.attributes
                0x00000818       0x2c C:/Users/Adm/.pico-sdk/toolchain/13_3_Rel1/bin/../lib/gcc/arm-none-eabi/13.3.1/thumb/v6-m/nofp\libg.a(libc_a-impure.o)
 .ARM.attributes
                0x00000844       0x2c C:/Users/Adm/.pico-sdk/toolchain/13_3_Rel1/bin/../lib/gcc/arm-none-eabi/13.3.1/thumb/v6-m/nofp\libg.a(libc_a-sbrkr.o)
 .ARM.attributes
                0x00000870       0x2c C:/Users/Adm/.pico-sdk/toolchain/13_3_Rel1/bin/../lib/gcc/arm-none-eabi/13.3.1/thumb/v6-m/nofp\libg.a(libc_a-errno.o)
 .ARM.attributes
                0x0000089c       0x2c C:/Users/Adm/.pico-sdk/toolchain/13_3_Rel1/bin/../lib/gcc/arm-none-eabi/13.3.1/thumb/v6-m/nofp\libg.a(libc_a-lock.o)
 .ARM.attributes
                0x000008c8       0x2c C:/Users/Adm/.pico-sdk/toolchain/13_3_Rel1/bin/../lib/gcc/arm-none-eabi/13.3.1/thumb/v6-m/nofp\libg.a(libc_a-sysconf.o)
 .ARM.attributes
                0x000008f4       0x2c C:/Users/Adm/.pico-sdk/toolchain/13_3_Rel1/bin/../lib/gcc/arm-none-eabi/13.3.1/thumb/v6-m/nofp\libg.a(libc_a-strlen-stub.o)
 .ARM.attributes
                0x00000920       0x2c C:/Users/Adm/.pico-sdk/toolchain/13_3_Rel1/bin/../lib/gcc/arm-none-eabi/13.3.1/thumb/v6-m/nofp\libg.a(libc_a-freer.o)
 .ARM.attributes
                0x0000094c       0x2c C:/Users/Adm/.pico-sdk/toolchain/13_3_Rel1/bin/../lib/gcc/arm-none-eabi/13.3.1/thumb/v6-m/nofp\libg.a(libc_a-findfp.o)
 .ARM.attributes
                0x00000978       0x2c C:/Users/Adm/.pico-sdk/toolchain/13_3_Rel1/bin/../lib/gcc/arm-none-eabi/13.3.1/thumb/v6-m/nofp\libg.a(libc_a-reent.o)
 .ARM.attributes
                0x000009a4       0x2c C:/Users/Adm/.pico-sdk/toolchain/13_3_Rel1/bin/../lib/gcc/arm-none-eabi/13.3.1/thumb/v6-m/nofp/crtend.o

.comment        0x00000000       0x45
 .comment       0x00000000       0x45 CMakeFiles/button.dir/button.c.obj
                                 0x46 (size before relaxing)
 .comment       0x00000045       0x46 CMakeFiles/button.dir/inc/ssd1306_i2c.c.obj
 .comment       0x00000045       0x46 CMakeFiles/button.dir/C_/Users/Adm/.pico-sdk/sdk/1.5.1/src/rp2_common/hardware_gpio/gpio.c.obj
 .comment       0x00000045       0x46 CMakeFiles/button.dir/C_/Users/Adm/.pico-sdk/sdk/1.5.1/src/rp2_common/pico_platform/platform.c.obj
 .comment       0x00000045       0x46 CMakeFiles/button.dir/C_/Users/Adm/.pico-sdk/sdk/1.5.1/src/rp2_common/hardware_claim/claim.c.obj
 .comment       0x00000045       0x46 CMakeFiles/button.dir/C_/Users/Adm/.pico-sdk/sdk/1.5.1/src/rp2_common/hardware_sync/sync.c.obj
 .comment       0x00000045       0x46 CMakeFiles/button.dir/C_/Users/Adm/.pico-sdk/sdk/1.5.1/src/rp2_common/hardware_irq/irq.c.obj
 .comment       0x00000045       0x46 CMakeFiles/button.dir/C_/Users/Adm/.pico-sdk/sdk/1.5.1/src/common/pico_sync/lock_core.c.obj
 .comment       0x00000045       0x46 CMakeFiles/button.dir/C_/Users/Adm/.pico-sdk/sdk/1.5.1/src/common/pico_sync/mutex.c.obj
 .comment       0x00000045       0x46 CMakeFiles/button.dir/C_/Users/Adm/.pico-sdk/sdk/1.5.1/src/common/pico_time/time.c.obj
 .comment       0x00000045       0x46 CMakeFiles/button.dir/C_/Users/Adm/.pico-sdk/sdk/1.5.1/src/rp2_common/hardware_timer/timer.c.obj
 .comment       0x00000045       0x46 CMakeFiles/button.dir/C_/Users/Adm/.pico-sdk/sdk/1.5.1/src/common/pico_util/pheap.c.obj
 .comment       0x00000045       0x46 CMakeFiles/button.dir/C_/Users/Adm/.pico-sdk/sdk/1.5.1/src/rp2_common/hardware_clocks/clocks.c.obj
 .comment       0x00000045       0x46 CMakeFiles/button.dir/C_/Users/Adm/.pico-sdk/sdk/1.5.1/src/rp2_common/hardware_pll/pll.c.obj
 .comment       0x00000045       0x46 CMakeFiles/button.dir/C_/Users/Adm/.pico-sdk/sdk/1.5.1/src/rp2_common/hardware_watchdog/watchdog.c.obj
 .comment       0x00000045       0x46 CMakeFiles/button.dir/C_/Users/Adm/.pico-sdk/sdk/1.5.1/src/rp2_common/hardware_xosc/xosc.c.obj
 .comment       0x00000045       0x46 CMakeFiles/button.dir/C_/Users/Adm/.pico-sdk/sdk/1.5.1/src/rp2_common/pico_runtime/runtime.c.obj
 .comment       0x00000045       0x46 CMakeFiles/button.dir/C_/Users/Adm/.pico-sdk/sdk/1.5.1/src/rp2_common/pico_printf/printf.c.obj
 .comment       0x00000045       0x46 CMakeFiles/button.dir/C_/Users/Adm/.pico-sdk/sdk/1.5.1/src/rp2_common/pico_bootrom/bootrom.c.obj
 .comment       0x00000045       0x46 CMakeFiles/button.dir/C_/Users/Adm/.pico-sdk/sdk/1.5.1/src/rp2_common/pico_double/double_init_rom.c.obj
 .comment       0x00000045       0x46 CMakeFiles/button.dir/C_/Users/Adm/.pico-sdk/sdk/1.5.1/src/rp2_common/pico_float/float_init_rom.c.obj
 .comment       0x00000045       0x46 CMakeFiles/button.dir/C_/Users/Adm/.pico-sdk/sdk/1.5.1/src/rp2_common/pico_malloc/pico_malloc.c.obj
 .comment       0x00000045       0x46 CMakeFiles/button.dir/C_/Users/Adm/.pico-sdk/sdk/1.5.1/src/rp2_common/pico_standard_link/binary_info.c.obj
 .comment       0x00000045       0x46 CMakeFiles/button.dir/C_/Users/Adm/.pico-sdk/sdk/1.5.1/src/rp2_common/pico_stdio/stdio.c.obj
 .comment       0x00000045       0x46 CMakeFiles/button.dir/C_/Users/Adm/.pico-sdk/sdk/1.5.1/src/rp2_common/pico_unique_id/unique_id.c.obj
 .comment       0x00000045       0x46 CMakeFiles/button.dir/C_/Users/Adm/.pico-sdk/sdk/1.5.1/src/rp2_common/hardware_flash/flash.c.obj
 .comment       0x00000045       0x46 CMakeFiles/button.dir/C_/Users/Adm/.pico-sdk/sdk/1.5.1/src/rp2_common/hardware_dma/dma.c.obj
 .comment       0x00000045       0x46 CMakeFiles/button.dir/C_/Users/Adm/.pico-sdk/sdk/1.5.1/src/rp2_common/hardware_i2c/i2c.c.obj

.debug_info     0x00000000    0x1f2e9
 .debug_info    0x00000000     0x2026 CMakeFiles/button.dir/button.c.obj
 .debug_info    0x00002026     0x1db1 CMakeFiles/button.dir/inc/ssd1306_i2c.c.obj
 .debug_info    0x00003dd7     0x1f00 CMakeFiles/button.dir/C_/Users/Adm/.pico-sdk/sdk/1.5.1/src/rp2_common/hardware_gpio/gpio.c.obj
 .debug_info    0x00005cd7      0x14a CMakeFiles/button.dir/C_/Users/Adm/.pico-sdk/sdk/1.5.1/src/rp2_common/pico_platform/platform.c.obj
 .debug_info    0x00005e21      0xa0e CMakeFiles/button.dir/C_/Users/Adm/.pico-sdk/sdk/1.5.1/src/rp2_common/hardware_claim/claim.c.obj
 .debug_info    0x0000682f      0x57b CMakeFiles/button.dir/C_/Users/Adm/.pico-sdk/sdk/1.5.1/src/rp2_common/hardware_sync/sync.c.obj
 .debug_info    0x00006daa     0x1e6c CMakeFiles/button.dir/C_/Users/Adm/.pico-sdk/sdk/1.5.1/src/rp2_common/hardware_irq/irq.c.obj
 .debug_info    0x00008c16      0x153 CMakeFiles/button.dir/C_/Users/Adm/.pico-sdk/sdk/1.5.1/src/common/pico_sync/lock_core.c.obj
 .debug_info    0x00008d69     0x2865 CMakeFiles/button.dir/C_/Users/Adm/.pico-sdk/sdk/1.5.1/src/common/pico_sync/mutex.c.obj
 .debug_info    0x0000b5ce     0x4612 CMakeFiles/button.dir/C_/Users/Adm/.pico-sdk/sdk/1.5.1/src/common/pico_time/time.c.obj
 .debug_info    0x0000fbe0     0x15e6 CMakeFiles/button.dir/C_/Users/Adm/.pico-sdk/sdk/1.5.1/src/rp2_common/hardware_timer/timer.c.obj
 .debug_info    0x000111c6     0x1f6d CMakeFiles/button.dir/C_/Users/Adm/.pico-sdk/sdk/1.5.1/src/common/pico_util/pheap.c.obj
 .debug_info    0x00013133     0x1f6d CMakeFiles/button.dir/C_/Users/Adm/.pico-sdk/sdk/1.5.1/src/rp2_common/hardware_clocks/clocks.c.obj
 .debug_info    0x000150a0      0x3e7 CMakeFiles/button.dir/C_/Users/Adm/.pico-sdk/sdk/1.5.1/src/rp2_common/hardware_pll/pll.c.obj
 .debug_info    0x00015487      0x808 CMakeFiles/button.dir/C_/Users/Adm/.pico-sdk/sdk/1.5.1/src/rp2_common/hardware_watchdog/watchdog.c.obj
 .debug_info    0x00015c8f      0x1c3 CMakeFiles/button.dir/C_/Users/Adm/.pico-sdk/sdk/1.5.1/src/rp2_common/hardware_xosc/xosc.c.obj
 .debug_info    0x00015e52      0xda7 CMakeFiles/button.dir/C_/Users/Adm/.pico-sdk/sdk/1.5.1/src/rp2_common/pico_runtime/runtime.c.obj
 .debug_info    0x00016bf9     0x2120 CMakeFiles/button.dir/C_/Users/Adm/.pico-sdk/sdk/1.5.1/src/rp2_common/pico_printf/printf.c.obj
 .debug_info    0x00018d19       0x23 CMakeFiles/button.dir/C_/Users/Adm/.pico-sdk/sdk/1.5.1/src/rp2_common/pico_bit_ops/bit_ops_aeabi.S.obj
 .debug_info    0x00018d3c      0x3cc CMakeFiles/button.dir/C_/Users/Adm/.pico-sdk/sdk/1.5.1/src/rp2_common/pico_bootrom/bootrom.c.obj
 .debug_info    0x00019108       0x23 CMakeFiles/button.dir/C_/Users/Adm/.pico-sdk/sdk/1.5.1/src/rp2_common/pico_divider/divider.S.obj
 .debug_info    0x0001912b       0x23 CMakeFiles/button.dir/C_/Users/Adm/.pico-sdk/sdk/1.5.1/src/rp2_common/pico_double/double_aeabi.S.obj
 .debug_info    0x0001914e      0x2a4 CMakeFiles/button.dir/C_/Users/Adm/.pico-sdk/sdk/1.5.1/src/rp2_common/pico_double/double_init_rom.c.obj
 .debug_info    0x000193f2       0x24 CMakeFiles/button.dir/C_/Users/Adm/.pico-sdk/sdk/1.5.1/src/rp2_common/pico_double/double_v1_rom_shim.S.obj
 .debug_info    0x00019416       0x24 CMakeFiles/button.dir/C_/Users/Adm/.pico-sdk/sdk/1.5.1/src/rp2_common/pico_int64_ops/pico_int64_ops_aeabi.S.obj
 .debug_info    0x0001943a       0x23 CMakeFiles/button.dir/C_/Users/Adm/.pico-sdk/sdk/1.5.1/src/rp2_common/pico_float/float_aeabi.S.obj
 .debug_info    0x0001945d      0x2b7 CMakeFiles/button.dir/C_/Users/Adm/.pico-sdk/sdk/1.5.1/src/rp2_common/pico_float/float_init_rom.c.obj
 .debug_info    0x00019714      0x3ec CMakeFiles/button.dir/C_/Users/Adm/.pico-sdk/sdk/1.5.1/src/rp2_common/pico_malloc/pico_malloc.c.obj
 .debug_info    0x00019b00       0x23 CMakeFiles/button.dir/C_/Users/Adm/.pico-sdk/sdk/1.5.1/src/rp2_common/pico_mem_ops/mem_ops_aeabi.S.obj
 .debug_info    0x00019b23       0x23 CMakeFiles/button.dir/C_/Users/Adm/.pico-sdk/sdk/1.5.1/src/rp2_common/pico_standard_link/crt0.S.obj
 .debug_info    0x00019b46      0x2e2 CMakeFiles/button.dir/C_/Users/Adm/.pico-sdk/sdk/1.5.1/src/rp2_common/pico_standard_link/binary_info.c.obj
 .debug_info    0x00019e28     0x205f CMakeFiles/button.dir/C_/Users/Adm/.pico-sdk/sdk/1.5.1/src/rp2_common/pico_stdio/stdio.c.obj
 .debug_info    0x0001be87      0x1fa CMakeFiles/button.dir/C_/Users/Adm/.pico-sdk/sdk/1.5.1/src/rp2_common/pico_unique_id/unique_id.c.obj
 .debug_info    0x0001c081     0x11e1 CMakeFiles/button.dir/C_/Users/Adm/.pico-sdk/sdk/1.5.1/src/rp2_common/hardware_flash/flash.c.obj
 .debug_info    0x0001d262      0x9cd CMakeFiles/button.dir/C_/Users/Adm/.pico-sdk/sdk/1.5.1/src/rp2_common/hardware_dma/dma.c.obj
 .debug_info    0x0001dc2f     0x16ba CMakeFiles/button.dir/C_/Users/Adm/.pico-sdk/sdk/1.5.1/src/rp2_common/hardware_i2c/i2c.c.obj

.debug_abbrev   0x00000000     0x5648
 .debug_abbrev  0x00000000      0x4c7 CMakeFiles/button.dir/button.c.obj
 .debug_abbrev  0x000004c7      0x36c CMakeFiles/button.dir/inc/ssd1306_i2c.c.obj
 .debug_abbrev  0x00000833      0x437 CMakeFiles/button.dir/C_/Users/Adm/.pico-sdk/sdk/1.5.1/src/rp2_common/hardware_gpio/gpio.c.obj
 .debug_abbrev  0x00000c6a       0x94 CMakeFiles/button.dir/C_/Users/Adm/.pico-sdk/sdk/1.5.1/src/rp2_common/pico_platform/platform.c.obj
 .debug_abbrev  0x00000cfe      0x32f CMakeFiles/button.dir/C_/Users/Adm/.pico-sdk/sdk/1.5.1/src/rp2_common/hardware_claim/claim.c.obj
 .debug_abbrev  0x0000102d      0x25d CMakeFiles/button.dir/C_/Users/Adm/.pico-sdk/sdk/1.5.1/src/rp2_common/hardware_sync/sync.c.obj
 .debug_abbrev  0x0000128a      0x536 CMakeFiles/button.dir/C_/Users/Adm/.pico-sdk/sdk/1.5.1/src/rp2_common/hardware_irq/irq.c.obj
 .debug_abbrev  0x000017c0       0xee CMakeFiles/button.dir/C_/Users/Adm/.pico-sdk/sdk/1.5.1/src/common/pico_sync/lock_core.c.obj
 .debug_abbrev  0x000018ae      0x42c CMakeFiles/button.dir/C_/Users/Adm/.pico-sdk/sdk/1.5.1/src/common/pico_sync/mutex.c.obj
 .debug_abbrev  0x00001cda      0x64d CMakeFiles/button.dir/C_/Users/Adm/.pico-sdk/sdk/1.5.1/src/common/pico_time/time.c.obj
 .debug_abbrev  0x00002327      0x43a CMakeFiles/button.dir/C_/Users/Adm/.pico-sdk/sdk/1.5.1/src/rp2_common/hardware_timer/timer.c.obj
 .debug_abbrev  0x00002761      0x301 CMakeFiles/button.dir/C_/Users/Adm/.pico-sdk/sdk/1.5.1/src/common/pico_util/pheap.c.obj
 .debug_abbrev  0x00002a62      0x4b9 CMakeFiles/button.dir/C_/Users/Adm/.pico-sdk/sdk/1.5.1/src/rp2_common/hardware_clocks/clocks.c.obj
 .debug_abbrev  0x00002f1b      0x1ad CMakeFiles/button.dir/C_/Users/Adm/.pico-sdk/sdk/1.5.1/src/rp2_common/hardware_pll/pll.c.obj
 .debug_abbrev  0x000030c8      0x24a CMakeFiles/button.dir/C_/Users/Adm/.pico-sdk/sdk/1.5.1/src/rp2_common/hardware_watchdog/watchdog.c.obj
 .debug_abbrev  0x00003312      0x10a CMakeFiles/button.dir/C_/Users/Adm/.pico-sdk/sdk/1.5.1/src/rp2_common/hardware_xosc/xosc.c.obj
 .debug_abbrev  0x0000341c      0x4f7 CMakeFiles/button.dir/C_/Users/Adm/.pico-sdk/sdk/1.5.1/src/rp2_common/pico_runtime/runtime.c.obj
 .debug_abbrev  0x00003913      0x506 CMakeFiles/button.dir/C_/Users/Adm/.pico-sdk/sdk/1.5.1/src/rp2_common/pico_printf/printf.c.obj
 .debug_abbrev  0x00003e19       0x12 CMakeFiles/button.dir/C_/Users/Adm/.pico-sdk/sdk/1.5.1/src/rp2_common/pico_bit_ops/bit_ops_aeabi.S.obj
 .debug_abbrev  0x00003e2b      0x18a CMakeFiles/button.dir/C_/Users/Adm/.pico-sdk/sdk/1.5.1/src/rp2_common/pico_bootrom/bootrom.c.obj
 .debug_abbrev  0x00003fb5       0x12 CMakeFiles/button.dir/C_/Users/Adm/.pico-sdk/sdk/1.5.1/src/rp2_common/pico_divider/divider.S.obj
 .debug_abbrev  0x00003fc7       0x12 CMakeFiles/button.dir/C_/Users/Adm/.pico-sdk/sdk/1.5.1/src/rp2_common/pico_double/double_aeabi.S.obj
 .debug_abbrev  0x00003fd9      0x1ac CMakeFiles/button.dir/C_/Users/Adm/.pico-sdk/sdk/1.5.1/src/rp2_common/pico_double/double_init_rom.c.obj
 .debug_abbrev  0x00004185       0x14 CMakeFiles/button.dir/C_/Users/Adm/.pico-sdk/sdk/1.5.1/src/rp2_common/pico_double/double_v1_rom_shim.S.obj
 .debug_abbrev  0x00004199       0x14 CMakeFiles/button.dir/C_/Users/Adm/.pico-sdk/sdk/1.5.1/src/rp2_common/pico_int64_ops/pico_int64_ops_aeabi.S.obj
 .debug_abbrev  0x000041ad       0x12 CMakeFiles/button.dir/C_/Users/Adm/.pico-sdk/sdk/1.5.1/src/rp2_common/pico_float/float_aeabi.S.obj
 .debug_abbrev  0x000041bf      0x19e CMakeFiles/button.dir/C_/Users/Adm/.pico-sdk/sdk/1.5.1/src/rp2_common/pico_float/float_init_rom.c.obj
 .debug_abbrev  0x0000435d      0x1ad CMakeFiles/button.dir/C_/Users/Adm/.pico-sdk/sdk/1.5.1/src/rp2_common/pico_malloc/pico_malloc.c.obj
 .debug_abbrev  0x0000450a       0x12 CMakeFiles/button.dir/C_/Users/Adm/.pico-sdk/sdk/1.5.1/src/rp2_common/pico_mem_ops/mem_ops_aeabi.S.obj
 .debug_abbrev  0x0000451c       0x12 CMakeFiles/button.dir/C_/Users/Adm/.pico-sdk/sdk/1.5.1/src/rp2_common/pico_standard_link/crt0.S.obj
 .debug_abbrev  0x0000452e       0xb8 CMakeFiles/button.dir/C_/Users/Adm/.pico-sdk/sdk/1.5.1/src/rp2_common/pico_standard_link/binary_info.c.obj
 .debug_abbrev  0x000045e6      0x559 CMakeFiles/button.dir/C_/Users/Adm/.pico-sdk/sdk/1.5.1/src/rp2_common/pico_stdio/stdio.c.obj
 .debug_abbrev  0x00004b3f      0x153 CMakeFiles/button.dir/C_/Users/Adm/.pico-sdk/sdk/1.5.1/src/rp2_common/pico_unique_id/unique_id.c.obj
 .debug_abbrev  0x00004c92      0x304 CMakeFiles/button.dir/C_/Users/Adm/.pico-sdk/sdk/1.5.1/src/rp2_common/hardware_flash/flash.c.obj
 .debug_abbrev  0x00004f96      0x276 CMakeFiles/button.dir/C_/Users/Adm/.pico-sdk/sdk/1.5.1/src/rp2_common/hardware_dma/dma.c.obj
 .debug_abbrev  0x0000520c      0x43c CMakeFiles/button.dir/C_/Users/Adm/.pico-sdk/sdk/1.5.1/src/rp2_common/hardware_i2c/i2c.c.obj

.debug_loclists
                0x00000000    0x127dc
 .debug_loclists
                0x00000000      0x65c CMakeFiles/button.dir/button.c.obj
 .debug_loclists
                0x0000065c     0x1082 CMakeFiles/button.dir/inc/ssd1306_i2c.c.obj
 .debug_loclists
                0x000016de     0x1647 CMakeFiles/button.dir/C_/Users/Adm/.pico-sdk/sdk/1.5.1/src/rp2_common/hardware_gpio/gpio.c.obj
 .debug_loclists
                0x00002d25       0x53 CMakeFiles/button.dir/C_/Users/Adm/.pico-sdk/sdk/1.5.1/src/rp2_common/pico_platform/platform.c.obj
 .debug_loclists
                0x00002d78      0x450 CMakeFiles/button.dir/C_/Users/Adm/.pico-sdk/sdk/1.5.1/src/rp2_common/hardware_claim/claim.c.obj
 .debug_loclists
                0x000031c8      0x162 CMakeFiles/button.dir/C_/Users/Adm/.pico-sdk/sdk/1.5.1/src/rp2_common/hardware_sync/sync.c.obj
 .debug_loclists
                0x0000332a     0x1040 CMakeFiles/button.dir/C_/Users/Adm/.pico-sdk/sdk/1.5.1/src/rp2_common/hardware_irq/irq.c.obj
 .debug_loclists
                0x0000436a       0x41 CMakeFiles/button.dir/C_/Users/Adm/.pico-sdk/sdk/1.5.1/src/common/pico_sync/lock_core.c.obj
 .debug_loclists
                0x000043ab      0xf44 CMakeFiles/button.dir/C_/Users/Adm/.pico-sdk/sdk/1.5.1/src/common/pico_sync/mutex.c.obj
 .debug_loclists
                0x000052ef     0x2656 CMakeFiles/button.dir/C_/Users/Adm/.pico-sdk/sdk/1.5.1/src/common/pico_time/time.c.obj
 .debug_loclists
                0x00007945      0xad8 CMakeFiles/button.dir/C_/Users/Adm/.pico-sdk/sdk/1.5.1/src/rp2_common/hardware_timer/timer.c.obj
 .debug_loclists
                0x0000841d     0x1999 CMakeFiles/button.dir/C_/Users/Adm/.pico-sdk/sdk/1.5.1/src/common/pico_util/pheap.c.obj
 .debug_loclists
                0x00009db6     0x1783 CMakeFiles/button.dir/C_/Users/Adm/.pico-sdk/sdk/1.5.1/src/rp2_common/hardware_clocks/clocks.c.obj
 .debug_loclists
                0x0000b539      0x20b CMakeFiles/button.dir/C_/Users/Adm/.pico-sdk/sdk/1.5.1/src/rp2_common/hardware_pll/pll.c.obj
 .debug_loclists
                0x0000b744      0x4f0 CMakeFiles/button.dir/C_/Users/Adm/.pico-sdk/sdk/1.5.1/src/rp2_common/hardware_watchdog/watchdog.c.obj
 .debug_loclists
                0x0000bc34       0x48 CMakeFiles/button.dir/C_/Users/Adm/.pico-sdk/sdk/1.5.1/src/rp2_common/hardware_xosc/xosc.c.obj
 .debug_loclists
                0x0000bc7c      0x44d CMakeFiles/button.dir/C_/Users/Adm/.pico-sdk/sdk/1.5.1/src/rp2_common/pico_runtime/runtime.c.obj
 .debug_loclists
                0x0000c0c9     0x2f65 CMakeFiles/button.dir/C_/Users/Adm/.pico-sdk/sdk/1.5.1/src/rp2_common/pico_printf/printf.c.obj
 .debug_loclists
                0x0000f02e      0x207 CMakeFiles/button.dir/C_/Users/Adm/.pico-sdk/sdk/1.5.1/src/rp2_common/pico_bootrom/bootrom.c.obj
 .debug_loclists
                0x0000f235       0x35 CMakeFiles/button.dir/C_/Users/Adm/.pico-sdk/sdk/1.5.1/src/rp2_common/pico_double/double_init_rom.c.obj
 .debug_loclists
                0x0000f26a       0x4e CMakeFiles/button.dir/C_/Users/Adm/.pico-sdk/sdk/1.5.1/src/rp2_common/pico_float/float_init_rom.c.obj
 .debug_loclists
                0x0000f2b8      0x1c5 CMakeFiles/button.dir/C_/Users/Adm/.pico-sdk/sdk/1.5.1/src/rp2_common/pico_malloc/pico_malloc.c.obj
 .debug_loclists
                0x0000f47d     0x11bc CMakeFiles/button.dir/C_/Users/Adm/.pico-sdk/sdk/1.5.1/src/rp2_common/pico_stdio/stdio.c.obj
 .debug_loclists
                0x00010639      0x3d5 CMakeFiles/button.dir/C_/Users/Adm/.pico-sdk/sdk/1.5.1/src/rp2_common/pico_unique_id/unique_id.c.obj
 .debug_loclists
                0x00010a0e      0x851 CMakeFiles/button.dir/C_/Users/Adm/.pico-sdk/sdk/1.5.1/src/rp2_common/hardware_flash/flash.c.obj
 .debug_loclists
                0x0001125f      0x2a8 CMakeFiles/button.dir/C_/Users/Adm/.pico-sdk/sdk/1.5.1/src/rp2_common/hardware_dma/dma.c.obj
 .debug_loclists
                0x00011507     0x12d5 CMakeFiles/button.dir/C_/Users/Adm/.pico-sdk/sdk/1.5.1/src/rp2_common/hardware_i2c/i2c.c.obj

.debug_aranges  0x00000000      0xeb8
 .debug_aranges
                0x00000000       0x30 CMakeFiles/button.dir/button.c.obj
 .debug_aranges
                0x00000030       0x98 CMakeFiles/button.dir/inc/ssd1306_i2c.c.obj
 .debug_aranges
                0x000000c8       0xf8 CMakeFiles/button.dir/C_/Users/Adm/.pico-sdk/sdk/1.5.1/src/rp2_common/hardware_gpio/gpio.c.obj
 .debug_aranges
                0x000001c0       0x28 CMakeFiles/button.dir/C_/Users/Adm/.pico-sdk/sdk/1.5.1/src/rp2_common/pico_platform/platform.c.obj
 .debug_aranges
                0x000001e8       0x48 CMakeFiles/button.dir/C_/Users/Adm/.pico-sdk/sdk/1.5.1/src/rp2_common/hardware_claim/claim.c.obj
 .debug_aranges
                0x00000230       0x58 CMakeFiles/button.dir/C_/Users/Adm/.pico-sdk/sdk/1.5.1/src/rp2_common/hardware_sync/sync.c.obj
 .debug_aranges
                0x00000288       0xa8 CMakeFiles/button.dir/C_/Users/Adm/.pico-sdk/sdk/1.5.1/src/rp2_common/hardware_irq/irq.c.obj
 .debug_aranges
                0x00000330       0x20 CMakeFiles/button.dir/C_/Users/Adm/.pico-sdk/sdk/1.5.1/src/common/pico_sync/lock_core.c.obj
 .debug_aranges
                0x00000350       0x90 CMakeFiles/button.dir/C_/Users/Adm/.pico-sdk/sdk/1.5.1/src/common/pico_sync/mutex.c.obj
 .debug_aranges
                0x000003e0       0xd0 CMakeFiles/button.dir/C_/Users/Adm/.pico-sdk/sdk/1.5.1/src/common/pico_time/time.c.obj
 .debug_aranges
                0x000004b0       0x88 CMakeFiles/button.dir/C_/Users/Adm/.pico-sdk/sdk/1.5.1/src/rp2_common/hardware_timer/timer.c.obj
 .debug_aranges
                0x00000538       0x70 CMakeFiles/button.dir/C_/Users/Adm/.pico-sdk/sdk/1.5.1/src/common/pico_util/pheap.c.obj
 .debug_aranges
                0x000005a8       0x68 CMakeFiles/button.dir/C_/Users/Adm/.pico-sdk/sdk/1.5.1/src/rp2_common/hardware_clocks/clocks.c.obj
 .debug_aranges
                0x00000610       0x28 CMakeFiles/button.dir/C_/Users/Adm/.pico-sdk/sdk/1.5.1/src/rp2_common/hardware_pll/pll.c.obj
 .debug_aranges
                0x00000638       0x58 CMakeFiles/button.dir/C_/Users/Adm/.pico-sdk/sdk/1.5.1/src/rp2_common/hardware_watchdog/watchdog.c.obj
 .debug_aranges
                0x00000690       0x30 CMakeFiles/button.dir/C_/Users/Adm/.pico-sdk/sdk/1.5.1/src/rp2_common/hardware_xosc/xosc.c.obj
 .debug_aranges
                0x000006c0       0x88 CMakeFiles/button.dir/C_/Users/Adm/.pico-sdk/sdk/1.5.1/src/rp2_common/pico_runtime/runtime.c.obj
 .debug_aranges
                0x00000748       0x90 CMakeFiles/button.dir/C_/Users/Adm/.pico-sdk/sdk/1.5.1/src/rp2_common/pico_printf/printf.c.obj
 .debug_aranges
                0x000007d8       0x68 CMakeFiles/button.dir/C_/Users/Adm/.pico-sdk/sdk/1.5.1/src/rp2_common/pico_bit_ops/bit_ops_aeabi.S.obj
 .debug_aranges
                0x00000840       0x30 CMakeFiles/button.dir/C_/Users/Adm/.pico-sdk/sdk/1.5.1/src/rp2_common/pico_bootrom/bootrom.c.obj
 .debug_aranges
                0x00000870       0x40 CMakeFiles/button.dir/C_/Users/Adm/.pico-sdk/sdk/1.5.1/src/rp2_common/pico_divider/divider.S.obj
 .debug_aranges
                0x000008b0      0x140 CMakeFiles/button.dir/C_/Users/Adm/.pico-sdk/sdk/1.5.1/src/rp2_common/pico_double/double_aeabi.S.obj
 .debug_aranges
                0x000009f0       0x28 CMakeFiles/button.dir/C_/Users/Adm/.pico-sdk/sdk/1.5.1/src/rp2_common/pico_double/double_init_rom.c.obj
 .debug_aranges
                0x00000a18       0x20 CMakeFiles/button.dir/C_/Users/Adm/.pico-sdk/sdk/1.5.1/src/rp2_common/pico_double/double_v1_rom_shim.S.obj
 .debug_aranges
                0x00000a38       0x20 CMakeFiles/button.dir/C_/Users/Adm/.pico-sdk/sdk/1.5.1/src/rp2_common/pico_int64_ops/pico_int64_ops_aeabi.S.obj
 .debug_aranges
                0x00000a58      0x130 CMakeFiles/button.dir/C_/Users/Adm/.pico-sdk/sdk/1.5.1/src/rp2_common/pico_float/float_aeabi.S.obj
 .debug_aranges
                0x00000b88       0x28 CMakeFiles/button.dir/C_/Users/Adm/.pico-sdk/sdk/1.5.1/src/rp2_common/pico_float/float_init_rom.c.obj
 .debug_aranges
                0x00000bb0       0x38 CMakeFiles/button.dir/C_/Users/Adm/.pico-sdk/sdk/1.5.1/src/rp2_common/pico_malloc/pico_malloc.c.obj
 .debug_aranges
                0x00000be8       0x38 CMakeFiles/button.dir/C_/Users/Adm/.pico-sdk/sdk/1.5.1/src/rp2_common/pico_mem_ops/mem_ops_aeabi.S.obj
 .debug_aranges
                0x00000c20       0x28 CMakeFiles/button.dir/C_/Users/Adm/.pico-sdk/sdk/1.5.1/src/rp2_common/pico_standard_link/crt0.S.obj
 .debug_aranges
                0x00000c48       0x18 CMakeFiles/button.dir/C_/Users/Adm/.pico-sdk/sdk/1.5.1/src/rp2_common/pico_standard_link/binary_info.c.obj
 .debug_aranges
                0x00000c60       0xe8 CMakeFiles/button.dir/C_/Users/Adm/.pico-sdk/sdk/1.5.1/src/rp2_common/pico_stdio/stdio.c.obj
 .debug_aranges
                0x00000d48       0x30 CMakeFiles/button.dir/C_/Users/Adm/.pico-sdk/sdk/1.5.1/src/rp2_common/pico_unique_id/unique_id.c.obj
 .debug_aranges
                0x00000d78       0x58 CMakeFiles/button.dir/C_/Users/Adm/.pico-sdk/sdk/1.5.1/src/rp2_common/hardware_flash/flash.c.obj
 .debug_aranges
                0x00000dd0       0x70 CMakeFiles/button.dir/C_/Users/Adm/.pico-sdk/sdk/1.5.1/src/rp2_common/hardware_dma/dma.c.obj
 .debug_aranges
                0x00000e40       0x78 CMakeFiles/button.dir/C_/Users/Adm/.pico-sdk/sdk/1.5.1/src/rp2_common/hardware_i2c/i2c.c.obj

.debug_rnglists
                0x00000000     0x2ea8
 .debug_rnglists
                0x00000000      0x19f CMakeFiles/button.dir/button.c.obj
 .debug_rnglists
                0x0000019f      0x24a CMakeFiles/button.dir/inc/ssd1306_i2c.c.obj
 .debug_rnglists
                0x000003e9      0x481 CMakeFiles/button.dir/C_/Users/Adm/.pico-sdk/sdk/1.5.1/src/rp2_common/hardware_gpio/gpio.c.obj
 .debug_rnglists
                0x0000086a       0x19 CMakeFiles/button.dir/C_/Users/Adm/.pico-sdk/sdk/1.5.1/src/rp2_common/pico_platform/platform.c.obj
 .debug_rnglists
                0x00000883       0xc5 CMakeFiles/button.dir/C_/Users/Adm/.pico-sdk/sdk/1.5.1/src/rp2_common/hardware_claim/claim.c.obj
 .debug_rnglists
                0x00000948       0x97 CMakeFiles/button.dir/C_/Users/Adm/.pico-sdk/sdk/1.5.1/src/rp2_common/hardware_sync/sync.c.obj
 .debug_rnglists
                0x000009df      0x31c CMakeFiles/button.dir/C_/Users/Adm/.pico-sdk/sdk/1.5.1/src/rp2_common/hardware_irq/irq.c.obj
 .debug_rnglists
                0x00000cfb       0x1f CMakeFiles/button.dir/C_/Users/Adm/.pico-sdk/sdk/1.5.1/src/common/pico_sync/lock_core.c.obj
 .debug_rnglists
                0x00000d1a      0x2ff CMakeFiles/button.dir/C_/Users/Adm/.pico-sdk/sdk/1.5.1/src/common/pico_sync/mutex.c.obj
 .debug_rnglists
                0x00001019      0x687 CMakeFiles/button.dir/C_/Users/Adm/.pico-sdk/sdk/1.5.1/src/common/pico_time/time.c.obj
 .debug_rnglists
                0x000016a0      0x13d CMakeFiles/button.dir/C_/Users/Adm/.pico-sdk/sdk/1.5.1/src/rp2_common/hardware_timer/timer.c.obj
 .debug_rnglists